Qxu, Qxu, Qxu, Qxu, Qxu, Qxu, Qxu, Qxu, Qxu, Qxu, Xoa, Xoa, Xoa, Xu, Xu, Xu, Xu, Xu, Xu, Xu, Xu, Xu, Xu, Xu, Xu, Xoa, Uu, Uu, Xoa, Xu, Xu, Xu, Xu, Xu, Xu, Xu, Xu, Xu, Xu, Xu, Xu, Xu, Xu, Xu, Xu, Xu
Qxu, Qxu, Qxu, Qxu, Qxu, Qxu, Qxu, Qxu, Qxu, Qxu, Xoa, Xoa, Xoa, Xu, Xu, Xu, Xu, Xu, Xu, Xu, Xu, Xu, Xu, Xu, Xu, Xoa, Ias, Ias, Xoa, Xu, Xu, Xu, Xu, Xu, Xu, Xu, Xu, Xu, Xu, Xu, Xu, Xu, Xu, Xu, Xu, Xu
Qxu, Qxu, Qxu, Qxu, Ias, Qxu, Qxu, Qxu, Xoa, Xoa, Xu, Xu, Xoa, Xoa, Xu, Xu, Xoa, Xu, Xu, Xu, Xu, Xu, Xu, Xu, Xoa, Xoa, Ias^Pr\o, Uu, Xoa, Xu, Xoa, Xu, Xu, Xu, Xu, Xu, Xu, Xu, Xu, Xu, Xu, Xu, Xu, Xu, Xu, Xu
Qxu, Qxu, Qxu, Ias, Ias^Ii, Ias, Xoa, Xoa, Xoa, Xoa, Xoa, Xoa, Ias, Xoa, Xoa, Xoa, Ias, Xoa, Xoa, Xu, Xu, Xoa, Xoa, Xoa, Uu, Ias, Uu, Uu^Pr\o, Xoa, Xoa, Xoa, Xu, Xu, Xu, Xu, Xu, Xu, Xu, Xu, Xu, Xu, Xu, Xu, Xu, Xu, Xu
Qxu, Qxu, Qxu, Ias, Ias, Ias, Xu, Xoa, Xoa, Xoa, Ias, Ias, Ias, Ias, Xoa, Ias, Ias, Ias, Xoa, Xu, Xu, Xoa, Ias, Uu, Ias, Ias, Xoa, Xoa, Xoa, Xoa, Xu, Xu, Xu, Xu, Xu, Xu, Xu, Xu, Xu, Xu, Xu, Xu, Xu, Xu, Xu, Xu
Xoa, Qxu, Xoa, Xoa, Uu, Ias, Xoa, Xoa, Xoa, Xoa, Ias, Ias, Ias, Ias, Ias, Ias^Pr\, Xoa, Ias^Pr/, Ias, Xoa, Xoa, Xoa, Ias, Ias, Xoa, Xoa, Xoa, Xoa, Xu, Xu, Xu, Xu, Xu, Xu, Xu, Xu, Xu, Xu, Uu^Tf, Xu, Xu, Xu, Xu, Xu, Xu, Xu
Xoa, Xoa, Xoa, Xoa, Ias, Uu, Ias, Xoa, Xoa, Xoa, Xoa, Ias, Ias, Ias, Ias, Ias, Ias, Ias, Ias, Ias, Ias, Ias^Pr\, Ias^Pr\, Uu, Xoa, Xoa, Xoa, Xu, Xu, Xu, Xu, Xu, Xu, Xu, Xu, Xu, Ss^Vhs, Uu^Tf, Chs, Sm, Rb, Xu, Xu, Xu, Sm, Uu
Xoa, Xu, Xoa, Xoa, Xoa, Ias, Ias, Uu, Ias, Xoa, Ias, Ias^Pr\o, Ias^Pr\o, Ias, Ias, Ias, Ias, Ias, Ias, Ias, Ias, Ias, Ias, Xoa, Xoa, Xoa, Xoa, Xu, Xu, Xu, Xu, Xu, Xu, Xu, Xu, Xu, Ss, Chs, 4 Khs, Chs, Rb, Uh, Uu, Sm^Vhs, Rb, Uu
Xoa, Xoa, Xu, Xoa, Xoa, Xoa, Xoa, Uu, Ias, Ias, Uu, Ias, Xoa, Xoa, Xoa, Ias, Ias, Ias, Ias, Ias, Ias, Ias, Ias, Ias, Ias, Xoa, Xu, Xu, Xoa, Xu, Xu, Xu, Xu, Xu, Xu, Xu, Rb, Chs, Chs, Chs, Uu^Tf, Uu^Tf, Ss, Uu, Rb, Xu
Xu, Xu, Xu, Xu, Xu, Xoa, Xoa, Xoa, Xoa, Uu, Xoa, Xoa, Xoa, Xoa, Xoa, Xoa, Xoa, Ias, Ias, Ias, Ias, Ias, Ias, Ias, Ias^Pr/o, Xoa, Xoa, Xoa, Ias, Xoa, Xoa, Xu, Xu, Xu, Xu, Xu, Ss^Vhs, Rb, Ss, Rb, Rb, Sm, Sm, Ss, Xu, Xu
Xu, Xu, Xu, Xu, Xu, Xu, Xu, Xoa, Xoa, Xoa, Xoa, Xoa, Xu, Xu, Xoa, Xoa, Ias, Ias^Pr\o, Ias^Pr\o, Ias, Ias, Ias, Xoa, Ias^Pr/o, Ias, Ias, Ias, Uu, Uu, Ias, Uu, Xoa, Xoa, Xoa, Xoa, Xu, Xu, Uu^Tf, Uu^Tf, Ss, Sm, Uu^Tf, Ss^Vhs, Xu, Xu, Xu
Xu, Xu, Xu, Xu, Xoa, Xoa, Xoa, Xoa, Xoa, Xoa, Xu, Xu, Xu, Xu, Xoa, Uu, Uu, Ias, Xoa, Xoa, Xoa, Xoa, Xu, Xoa, Xoa, Uu, Uu, Ias, Xoa, Ias, Uu, Ias, Ias^Pr/o, Xoa, Xu, Xu, Xu, Xu, Xu, Sm, Rb, Ss, Uu, Xu, Xu, Xu
Xu, Xu, Xu, Xoa, Ias, Uu, Uu, Xoa, Xoa, Xoa, Xoa, Xu, Xu, Xu, Xoa, Ias, Ias, Xoa, Xu, Xu, Xu, Xu, Xu, Xu, Xu, Xoa, Xoa, Xoa, Xu, Xoa, Xoa, Ias^Pr/o, Uh, Uu, Uu^Tf, Xu, Xu, Xu, Xu, Sm, Rb, Uu^Tf, Uu^Tf, Uh, Xu, Xu
Xu, Xu, Xu, Xoa, Uu, Ias, Xoa, Xu, Xu, Xoa, Xoa, Xu, Xoa, Xoa, Ias, Uu, Ias, Xoa, Xu, Xu, Xu, Xu, Xu, Xu, Ias, Xu, Xu, Xu, Xu, Xoa, Xu, Uu^Tf, Uu, Ias, Uh, Xu, Xu, Xu, Xu, Uh, Uu, Rb, Sm, Sm, Xu, Xu
Xu, Xu, Xu, Xoa, Uu, Ias, Uu, Xoa, Xoa, Xu, Xoa, Xoa, Uh, Ias^Pr\o, Ias^Pr\o, Uu, Xoa, Xoa, Xoa, Xu, Xu, Xu, Xu, Ias, Uu, Ias, Xu, Xu, Xu, Xu, Xu, Xu, Uh, Ias, Uu^Tf, Uh, Xu, Xu, Xu, Xu, Ss, Sm, Uu, Ss^Vhs, Xu, Xu
Xu, Xu, Xu, Xoa, Xoa, Ias, Uu, Ias, Xoa, Xoa, Xoa, Uu^Tf, Uh^Ebn, Uu, Uu, Xoa, Xoa, Xoa, Uu^Tf, Xoa, Xoa, Xu, Xu, Xu, Ias, Uu, Xu, Xu, Xu, Xu, Xu, Xu, Uu, Uu, Ur, Uu, Uu^Tf, Xu, Xu, Xu, Uu^Tf, Sm, Ss, Xu, Xu, Xu
Xu, Xu, Xu, Xu, Xu, Xoa, Ias^Pw/o, Ias^Pw/o, Uu, Xoa, Qxu, Qxu, Qxu^Bcx/, Ur, Ur, Uu^Tf, Ur, Uh, Uu, Uh^Ebn, Uu, Xoa, Xu, Ias, Uu, Ias, Xu, Xu, Uh, Uu^Tf, Uu^Vu, Ias, Ias, Uu, Uh, Ur, Uu, Uu, Uu^Tf, Uu, Ur, Ss, Uh, Xu, Xu, Xu
Xu, Xu, Xu, Xu, Xu, Xoa, Xoa, Uu, Uh, Cud, Qxu, Qxu, Qxu, Qxu, Xoa, Uh, Uu^Tf, Ur, Qxu, Ur, Ur, Xoa, Xoa, Xoa, Ias^Pw|, Xoa, Xoa, Xoa, Uu, Uu, Ias, Uh, Uu, Uu^Tf, Xu, Uh, Xu, Uh, Uu, Uu, Uh, Ur, Uu^Tf, Xu, Xu, Xu
Xu, Xu, Xu, Xu, Xoa, Xoa, Uh, Uu^Ebn, Ur, Uh, Ur, Qxu, Cud, Xoa, Xu, Qxu, Qxu, Qxu, Qxu, Uu^Tf, Uu, Uu, Uh, Xoa, Ias, Xoa, Uu, Uu^Tf, Uu, Ias, Uu^Tf, Uu, Uh, Xu, Xu, Xu, Xu, Xu, Rb, Uu, Uu, Uu, Xu, Xu, Xu, Xu
Xu, Xu, Xu, Xoa, Xoa, Uu^Vud, Ur, Uu, Ur, Uu, Uu^Vud, Uh, Ur, Xoa, Xoa, Xoa, Uh, Qxu, Qxu, Qxu, Uu^Vu, Ur, Ur, Uu, Uu, Ias, Ss, Uu, Wwg^Bcx|, Uu, Ss, Uu, Uh, Uu^Tf, Xu, Xu, Xu, Uu^Tf, Uu, Rb, Uu^Tf, Xu, Xu, Xu, Xu, Xu
Xu, Xu, Xu, Xoa, Xoa, Uu, Ur, Uh, Uu, Rb, Rb, Ur^Ebn, Uu, Uh, Uh^Tf, Xoa, Xoa, Uu^Tf, Qxu, Qxu, Uu^Tf, Uu, Uu, Uu, Wwg, Ss, Wwg, Wwg, Ur, Wwg, Wwg, Ss, Rb, Uu, Uu^Tf, Xu, Xu, Uh, Uu^Vu, Uu, Uh, Xu, Xu, Xu, Xu, Xu
Xu, Xu, Xu, Xoa, Xoa, Xoa, Xoa, Uu, Uu, Ur, Ur, Uu, Ur, Uu^Vud, Rb, Xoa, Xoa, Xoa, Xoa, Uu, Ur, Ur, Wwg^Bcx\, Wwg, Uh, Wwg, Uu, Ias, Uh, Uu^Tf, Ur, Wwg^Bcx/, Uu, Rb, Uu, Xu, Xu, Xu, Uh, Rb, Rb, Uu^Tf, Xu, Xu, Xu, Xu
Xu, Xu, Xu, Xoa, Xoa, Xoa, Rb, Ur^Pr\o, Ur^Pr\o, Uu, Xoa, Uh, Uh, Ur, Rb, Uu^Tf, Xoa, Xoa, Xoa, Uu, Ss, Ss, Wwg, Ias, Uu^Tf, Rb, Rb, Uu, Uu, Uh, Ias, Wwg, Uu, Uh, Uh, Xu, Xu, Xu, Xu, Uh, Uu, Uu, Uu^Tf, Xu, Xu, Xu
Xu, Xu, Xu, Xoa, Xoa, Ur, Uu, Rb, Xoa, Xoa, Cud, Cud^Ebn, Cud, Ur, Uu^Vud, Ur, Uu, Xoa, Uh, Uu, Wwg, Wwg, Uu, Uu, Uu, Ias, Uh, Ias, Uu, Ias, Ias, Wwg, Ss, Uu^Tf, Rb, Uu^Tf, Xu, Xu, Xu, Xu, Sm, Rb, Uh, Xu, Xu, Xu
Xu, Xu, Xu, Xoa, Xoa, Uu, Ur, Xoa, Uu^Vud, Ur, Cud, 2 Kud, Cud, Uu, Uu, Ur, Ur, Uu, Uu, Ur, Wwg^Bcx/, Ias, Uh, Ias, Uu, Qxu, Qxu, Uh, Uu^Tf, Ias, Wwg, Wwg, Ss, Uu, Rb, Uu, Uh, Xu, Xu, Uu^Tf, Rb, Sm, Uu^Vu, Xu, Xu, Xu
Xu, Xu, Xu, Xoa, Xoa, Ur, Uu, Xoa, Xoa, Ur^Ebn, Uu^Vud, Cud, Xoa, Xoa, Ur, Uu^Ebn, Uu, Ur, Uu^Tf, Ur, Wwg, Uu^Tf, Ias, Ias, Uh, Qxu, Ias, Uu, Uh, Ur, Wwg^Bcx\, Uu, Rb, Uu, Uh, Uu^Tf, Xu, Xu, Xu, Uh, Rb, Uu^Tf, Uh, Uu^Tf, Xu, Xu
Xu, Xu, Xu, Xoa, Xoa, Rb, Uu, Ur, Uu^Pr/o, Xoa, Xoa, Xoa, Ur, Ur^Pr\o, Uu^Pr\o, Ur, Xoa, Uu^Tf, Uu, Uu, Ss, Wwg, Uu^Tf, Ur, Uh, Ias, Uu^Tf, Uu, Wwg, Wwg, Ss, Rb, Uh, Uu^Tf, Uu, Uu, Uh, Xu, Uu, Uu, Uu, Uu^Tf, Uu, Sm, Xu, Xu
Xu, Xu, Xu, Xu, Xoa, Xoa, Xoa, Ur^Pr/o, Rb, Uu, Ur, Uu, Rb, Uu, Ur, Xoa, Xoa, Xu, Uu, Uh, Ss, Wwg, Wwg^Bcx/, Ias, Ias, Uu, Ur, Ur, Wwg^Bcx\, Wwg, Ss, Uu, Xu, Xu, Uh, Ur, Ur, Sm, Uh, Sm, Rb, Uu, Sm, Uh, Xu, Xu
Xu, Xu, Xu, Xu, Uu^Tf, Xoa, Ur, Rb, Uu, Ur, Ur, Uu^Tf, Rb, Uu^Tf, Xoa, Xoa, Xoa, Xu, Uh, Ur, Ur, Uu, Uu, Wwg, Wwg, Wwg, Wwg, Wwg, Wwg, Rb, Uu, Uu^Tf, Xu, Xu, Xu, Uu^Tf, Xu, Uh, Uu^Tf, Sm, Uh, Rb, Uu^Tf, Xu, Xu, Xu
Uu, Xu, Rb, Uu, Rb, Ur, Uu, Ur, Uu^Tf, Uu, Xu, Xu, Xu, Xoa, Xu, Xoa, Xu, Xu, Xu, Uh, Uu^Tf, Uu^Tf, Uu, Ur, Ur, Ss, Ss, Wwg, Ss, Ss, Uh, Xu, Xu, Xu, Xu, Xu, Xu, Xu, Rb, Uu, Rb, Sm, Uh, Xu, Xu, Xu
Uu, Ur, Rb, Rb, Xu, Uu, Xu, Xu, Xu, Xu, Xu, Xu, Xu, Xu, Xu, Xu, Xu, Xu, Xu, Xu, Xu, Xu, Xu, Uh, Uu^Tf, Uu, Uu, Uh, Uu^Tf, Rb, Uu, Ur, Ur, Xu, Uu^Tf, Xu, Uh, Sm, Uu^Tf, Uh, Sm, Uu, Uu, Xu, Xu, Xu
Ur, Ur, Uu^Tf, Xu, Xu, Xu, Xu, Xu, Xu, Xu, Qxu, Xu, Uh^Tf, Xu, Uh, Uh^Em, Uh^Tf, Xu, Xu, Xu, Xu, Xu, Xu, Xu, Uu, Uu, Uu, Ur, Ur, Uu, Uh, Uh, Uu, Uh, Uu, Rb, Rb, Uu, Sm, Uh, Uu, Sm, Uh, Xu, Xu, Xu
Xu, Uu, Xu, Xu, Xu, Xu, Uh, Qxu, Qxu, Qxu, Wog, Qxu, Uu^Em, Uu^Em, Uu, Uu^Vu, Rb^Emf, Uu^Emf, Uh^Tf, Xu, Tb^Tf, Xu, Xu, Xu, Uu^Tf, Uh, Ur, Xu, Xu, Uu, Xu, Uu^Tf, Uu, Ur, Uh, Uu, Xu, Uu^Tf, Uh, Uu, Xu, Uu^Tf, Xu, Xu, Xu, Xu
Xu, Xu, Xu, Xu, Xu, Xu, Xu, Qxu, Qxu, Wog, Wog, Wog, Wwg, Rb, Ww^Ewl, Rb^Em, Rb^Em, Uu^Em, Uh^Tf, Xu, Tb, Uh^Em, Xu, Uh, Uu^Vu, Ur, Uh, Xu, Xu, Xu, Xu, Xu, Ur, Uu^Tf, Uu, Xu, Xu, Xu, Xu, Xu, Xu, Xu, Xu, Xu, Xu, Xu
Wog, Xu, Xu, Xu, Uu, Xu, Xu, Xu, Qxu, Wog, Wwg, Wog, Wwg, Wwg, Wwrg, Wwg, Rb, Uu, Rb^Emf, Xue, Xue, Uue, Xue, Uue, Rb, Uu, Xu, Xu, Xu, Xu, Uu^Tf, Ur, Uu, Uu, Ur, Xu, Xu, Xu, Xu, Xu, Xu, Xu, Xu, Xu, Xu, Xu
Wog, Xu, Xu, Xu, Uu^Tf, Uu, Xu, Xu, Uh^Em, Wwg, Wwg, Wwrg, Wwrg, Rb, Wog, Wwg, Xu, Re^Em, Re, Uue^Tf, Xue, Xue, Xue, Uue, Re, Rb^Es, Xue, Xu, Xu, Xu, Uu^Tf, Uu, Uh, Uu, Uu^Tf, Ur, Uu^Vu, Xu, Xu, Xu, Xu, Xu, Xu, Xu, Xu, Xu
Wog, Wog, Xu, Xu, Xu, Xu, Xu, Uh^Emf, Rb^Em, Uu, Rb, Wwg, Wog, Wog, Wog, Xu, Xue, Xue, Uue, Uue, Qlf, Xoa, Xoa, Xue, Re^Es, Uue, Qlf, Xue, Xu, Xu, Uu, Uu, Uh, Qxu, Qxu, Uu^Tf, Uu, Uu, Uu, Xu, Qxu, Xu, Xu, Xu, Xu, Xu
Wog, Wog, Wog, Xu, Xu, Xu, Xu, Tb^Tf, Uu, Uu, Uu, Ww^Ewl, Wog, Wog, Wog, Xu, Xue, Qlf, Re^Es, Re, Uue, Qlf, Uue, Re^Es, Uue, Uhe, Qlf, Xoa, Xu, Xu, Xu, Uu, Uu^Vu, Qxu, Qxu, Qxu, Qxu, Uu^Tf, Ur, Uu, Qxu, Qxu, Qxu, Xu, Xu, Xu
Wog, Wog, Wog, Xu, Xu, Xu, Xu, Xu, Uh, Rb, Uu^Em, Uu^Tf, Xu, Wog, Xu, Xu, Xoa, Qlf, Re^Es, Re^Edb, Re^Edb, Uue^Edb, Uue^Es, Re, Qlf, Uhe^Emf, Xoa, Xoa, Xoa, Xu, Xu, Uu, Ur, Uh, Uh, Qxu, Qxu, Uu^Tf, Uh, Ur, Uu, Qxu, Qxu, Xu, Xu, Xu
Xu, Wog, Wog, Wog, Wog, Xu, Xu, Xu, Xu, Rb^Em, Uu^Em, Xu, Uu, Uu, Xu, Xoa, Qlf, Uhe^Em, Uue, Uue^Vd, Qlf, Uue, Re, Cfr, Qlf, Qlf, Qlf, Xoa, Uu^Cov, Xoa, Xoa, Xu, Qxu, Ur, Uu, Qxu, Qxu, Qxu, Uh, Uu^Vu, Uu, Qxu, Qxu, Xu, Xu, Xu
Xu, Xu, Wog, Wog, Wog, Wog, Xu, Xu, Xoa, Uu^Emf, Rb, Xu, Xu, Uu^Tf, Xu, Xue, Qlf, Uhe^Tf, Cfr, Qlf, Uhe, Qlf, Uue, Cfr, Xoa, Qlf, Qxu, Qlf, Uh^Cov, 5 Uh^Kov, Xoa, Xu, Qxu, Uu^Tf, Uu^Tf, Uu^Vu, Qxu, Qxu, Qxu, Uu, Uu, Uh, Qxu, Qxu, Xu, Xu
Xu, Xu, Xu, Wwg^Ewl, Wwg, Wwg, Sm, Xu, Xoa, Tb^Tf, Rb^Em, Uu^Vu, Xu, Xu, Xu, Xue, Xue, Qlf, Xoa, Uhe^Tf, Uhe^Emf, Uue^Em, Xue, Xoa, Xoa, Xu, Qxu, Qxu, Qxu, Xoa, Xu, Xu, Qxu, Qxu, Uu, Ur, Ur, Qxu, Qxu, Uu, Uu, Uh, Qxu, Qxu, Xu, Xu
Xu, Xu, Ss^Vhs, Sm, Wwrg, Wwg^Ewl, Ss, Xu, Xu, Tb^Emf, Uu^Em, Uu, Uh^Emf, Xu, Xoa, Xu, Xoa, Xue, Xoa, Xoa, Xue, Xue, Xoa, Xoa, Uh^Tf, Qxu, Qxu^Bcx/, Qxu, Qxu, Xoa, Xu, Qxu, Qxu, Qxu, Qxu, Uh, Uu, Uu, Cte, Ur, Ur, Qxu, Qxu, Xu, Xu, Xu
Xu, Xu, Ss^Em, Ss^Em, Sm, Sm, Ss^Em, Xu, Xu, Xu, Uu^Tf, Uh^Em, Rb^Em, Uu^Tf, Uu^Emf, Uh^Tf, Uh^Em, Xoa, Qxu, Xu, Xoa, Xu, Uu, Uu^Em, Ias, Ias, Ias, Qxu, Xoa, Xoa, Xu, Xu, Xu, Qxu, Qxu, Uh, Uu, Cte, 3 Kte, Cte, Uu, Uu, Xu, Xu, Xu, Xu
Xu, Xu, Tb^Tf, Tb^Emf, Rb, Ss^Em, Uu, Uu^Tf, Xu, Xu, Xu, Tb^Tf, Uh^Emf, Rb, Ur, Rb, Ur, Qxu, Qxu^Bp/, Ur, Qxu^Bp\, Qxu, Qxu^Bp/, Ur, Xoa, Ias, Ias^Pr/o, Ias^Pr/o, Ur, Xoa, Xu, Xu, Xu, Qxu, Qxu, Qxu, Uu, Cte, Cte, Cte, Ur, Uu, Xu, Xu, Xu, Xu
Xu, Xu, Xu, Tb^Tf, Ss^Vhs, Sm, Sm^Em, Uu^Emf, Xu, Xu, Uu^Tf, Xu, Xu, Xu, Xoa, Rb, Ur, Ur, Qxu, Qxu, Qxu, Ur, Qxu, Qxu, Xoa, Xoa, Ias, Ur, Uu, Xu, Xu, Xu, Xu, Xu, Qxu, Qxu, Uu, Uu, Uu^Vu, Ur, Uu, Uu^Vu, Xu, Xu, Xu, Xu
Xu, Xu, Xu, Ss^Em, Ss^Em, Rb, Ss^Em, Ss^Emf, Xu, Xu, Uu, Uh, Xu, Xu, Xu, Xoa, Xu, Qxu, Xu, Xoa, Xu, Qxu, Qxu, Xoa, Qxu, Xoa, Ur, Rb, Uh^Em, Xoa, Xu, Xu, Xu, Xu, Xu, Qxu, Xu, Uu, Uu, Uu, Ur, Uu, Uu, Xu, Uu, Xu
Xu, Xu, Xu, Xu, Rb, Rb^Es, Ss, Xu, Xu, Xu, Xu, Xu, Tb^Tf, Xu, Xu, Xu, Xu, Xu, Uu^Emf, Xu, Uh^Tf, Qxu, Qxu, Qxu, Qxu, Ur, Rb^Em, Uu, Uh^Tf, Xoa, Xu, Xu, Xu, Xu, Xu, Xu, Xu, Xu, Xu, Xu, Xu, Ur, Uu, Ur, Ur, Ur
Xu, Xu, Xu, Xu, Sm, Ss^Em, Rb, Xu, Sm^Tf, Ss^Emf, Ss, Sm^Emf, Tb^Em, Tb^Tf, Tb, Rb, Uu^Vu, Uu^Tf, Ss^Em, Uu^Em, Rb, Uh, Qxu^Bcx/, Qxu^Bcx/, Qxu, Qxu, Uu^Tf, Uu^Vu, Rb, Xu, Xu, Xu, Qxu, Qxu, Qxu, Xu, Uh^Tf, Xu, Xu, Xu, Xu, Xu, Xu, Uu, Xu, Uu
Xu, Xu, Xu, Xu, Xu, Sm^Em, Rb, Sm, Rb^Em, Ss^Em, Rb, Sm^Em, Rb, Ss^Emf, Sm^Em, Ss, Ss, Sm, Sm, Ss, Uu, Ur^Es, Uu, Qxu, Xu, Xu, Xu, Rb^Emf, Rb^Em, Xu, Xu, Xu, Qxu, Ias^Ii, Qxu^Bs\, Qxu, Uh, Uh^Emf, Xu, Xu, Xu, Xu, Xu, Xu, Xu, Xu
Xu, Xu, Uh^Em, Xu, Xu, Rb, Rb^Es, Ss, Xu, Xu, Xu, Rb^Em, Rb^Emf, Rb^Tf, Rb, Ss^Em, Xu, Sm, Xu, Rb, Xu, Uu^Tf, Uu^Em, Uh, Sm, Xu, Ss, Sm^Em, Sm^Em, Uu^Tf, Xu, Xu, Xu, Qxu, Qxu, Rb, Rb, Uu^Em, Xu, Xu, Xu, Xu, Xu, Xu, Xu, Xu
Xu, Xu, Uu, Uu^Emf, Xu, Xu, Rb, Ss^Em, Xu, Tb^Tfi, Tb, Xu, Uu^Em, Uu^Em, Rb^Es, Xu, Xu, Xu, Xu, Xu, Xu, Xu, Rb^Em, Ss^Em, Ss^Emf, Sm^Em, Rb, Rb, Sm, Ss^Em, Tb^Em, Xu, Xu, Qxu, Uh, Uu, Ur, Uu, Uh^Tf, Xu, Xu, Xu, Xu, Xu, Xu, Xu
Xu, Xu, Xu, Xu, Rb^Em, Uu^Emf, Sm^Em, Uu^Em, Xu, Uh, Xu, Xu, Rb^Em, Wwf, Wwf, Xu, Uu^Emf, Xu, Xu, Xu, Uh^Emf, Xu, Xu, Sm^Tf, Xu, Tb^Tf, Ss^Emf, Ss^Em, Wwg, Ss^Vhs, Tb^Tf, Xu, Xu, Qxu, Uu, Rb^Es, Ur, Uh^Em, Uh^Emf, Xu, Xu, Xu, Xu, Xu, Xu, Xu
Xu, Xu, Xu, Xu, Rb, Sm, Uh, Tb^Tf, Xu, Xu, Uu^Em, Rb^Em, Uu^Emf, Rb^Em, Rb^Es, Rb^Em, Rb^Em, Uh^Tf, Xu, Xu, Uh^Tf, Uh^Tf, Xu, Xu, Xu, Xu, Xu, Xu, Xu, Wwg^Ewl, Xu, Xu, Xu, Xu, Xu, Rb^Es, Uu, Uu, Uu, Xu, Xu, Xu, Xu, Xu, Xu, Xu
Qxu, Qxu, Qxu, Qxu, Qxu^Bh|, Qxu, Qxu, Xu, Xu, Uu^Tf, Uu^Em, Uu^Em, Rb, Rb, Wwf, Wwf, Xu, Uu^Vu, Xu, Xu, Xu, Xu, Xu, Xu, Uu^Emf, Xu, Xu, Xu, Xu, Xu, Xu, Xu, Uh^Tf, Xu, Uu, Rb, Ur, Rb, Uu^Em, Uu^Em, Xu, Xu, Xu, Xu, Xu, Xu
Qxu, Qxu, Qxu, Qxu, Qxu^Bh|, Qxu, Qxu, Qxu, Qxu, Uh^Vu, Uh^Em, Uh, Uh, Uu, Xu, Wwf^Ewl, Xu, Xu, Xu, Xu, Xu, Xu, Uh, Uh^Em, Ur, Rb, Rb, Uu, Uu, Xu, Xu, Uh^Vu, Uu^Em, Uh^Em, Ur, Ur, Xu, Rb^Es, Rb, Uu^Tf, Uh^Em, Xu, Xu, Xu, Xu, Xu
Qxu, Qxu, Qxu, Qxu, Rb^Em, Qxu, Qxu, Qxu, Xu, Qxu, Xu, Xu, Xu, Xu, Xu, Xu, Xu, Xu, Xu, Uu^Em, Rb, Uu, Rb, Uu, Ur, Ur, Rb^Em, Rb^Es, Ur, Rb, Rb, Ur, Rb^Emf, Rb, Uu^Tf, Xu, Xu, Uu, Uu, Uu^Vu, Uh^Emf, Xu, Xu, Xu, Xu, Xu
Xu, Xu, Xu, Rb, Ur, Uu^Emf, Uh^Tf, Qxu, Xu, Xu, Xu, Xu, Xu, Xu, Xu, Xu, Rb^Es, Xu, Ur, Ur, Rb, Rb, Re, Re, Uue^Em, Uue^Emf, Uu^Emf, Uu^Tf, Uu^Em, Ur, Uu^Em, Ur, Uu^Tf, Rb^Em, Xu, Xu, Xu, Xu, Xu, Uh^Tf, Xu, Xu, Xu, Xu, Xu, Xu
Xu, Xu, Xu, Uu, Uh^Em, Ur, Uu, Xu, Xu, Xu, Xu, Xu, Uu, Xu, Uh^Tf, Uu, Re, Ur, Uue^Emf, Re, Xu, Uu, Xue, Re, Uue, Uue^Tf, Xue, Xu, Xu, Xu, Xu, Uh^Emf, Uu^Em, Rb, Xu, Xu, Xu, Xu, Xu, Xu, Xu, Xu, Xu, Xu, Xu, Xu
Xu, Xu, Xu, Xu, Uu^Tf, Uu^Vu, Rb, Rb, Ur^Es, Uu^Em, Uu, Rb, Rb^Es, Uh^Emf, Ur, Ur, Uue, Re^Es, Uue^Em, Xue, Xu, Xue, Qlf, Qlf, Uue, Re^Es, Uue, Xue, Xue, Xu, Xu, Uu^Tf, Rb^Em, Ur, Ur, Xu, Uu, Xu, Xu, Xu, Ur, Uu^Tf, Xu, Xu, Xu, Xu
Xu, Xu, Rb, Xu, Xu, Uh^Emf, Uu^Emf, Rb, Uu, Rb^Es, Ur, Rb, Uu, Rb, Uu^Tf, Xu, Xue, Uue, Uue, Xue, Xue, Xue, Uue, Qlf, Re, Re, Re, Uue, Xue, Xu, Xu, Xu, Xu, Uu, Uu, Uu, Rb^Em, Uh^Tf, Uh^Emf, Xu, Xu, Uh, Xu, Xu, Xu, Xu
Xu, Xu, Uu, Xu, Xu, Xu, Xu, Uu^Tf, Xu, Ur, Uu, Ur, Uh^Em, Uu^Emf, Xu, Xu, Xue, Qlf, Qlf, Qlf, Qlf, Qlf, Uue^Tf, Uue, Uhe^Em, Uue^Em, Qlf, Re^Es, Qlf, Xue, Xue, Xu, Xu, Xu, Xu, Rb, Uu, Rb^Em, Uu, Uu^Em, Xu, Xu, Md^Xm, Md^Xm, Md^Xm, Xu
Xu, Xu, Xu, Xu, Uh, Xu, Xu, Xu, Xu, Xu, Xu, Xu, Xu, Xu, Xu, Xu, Qlf, Qlf, Uhe^Vd, Re, Re, Uue^Emf, Uue^Em, Uhe^Emf, Qlf, Uue, Qlf, Re, Uue^Vd, Qlf, Xue, Xu, Xu, Xu, Xu, Uu^Em, Uu, Ur, Ur^Es, Uh, Uh, Xu, Md^Xm, Md^Xm, Md^Xm, Md^Xm
Xu, Xu, Xu, Uu^Em, Xu, Ur, Uu^Em, Xu, Xu, Xu, Xu, Uu, Uh^Tf, Xu, Xu, Xu, Xue, Qlf, Uue, Uue^Ii, Qlf, Re, Xue, Uue^Tf, Qlf, Uue^Em, Uhe, Uue, Uhe^Tf, Qlf, Xue, Xu, Uh^Tf, Uu, Xu, Uh^Emf, Uh, Uu, Re^Em, Rb, Hhd, Md, Md, Md, Md, Mm
Xu, Xu, Xu, Uu^Tf, Uh^Em, Uu^Ii, Xu, Xu, Xu, Xu, Xu, Uh^Em, Xu, Xu, Xu, Xu, Xu, Xue, Xue, Xue, Xue, Xue, Xu, Xue, Xue, Qlf, Xue, Uhe^Emf, Xue, Xue, Xu, Xu, Xu, Uh^Emf, Xu, Xu, Hhd^Fdw, Hhd, Md, Hhd, Hhd, Gll^Em, Hhd^Fdw, Mm, Hhd, Gll^Fdw
Xu, Xu, Xu, Xu, Uu^Emf, Uh^Tf, Xu, Xu, Xu, Xu, Xu, Xu, Xu, Xu, Xu, Xu, Xu, Xu, Xu, Xu, Xu, Xu, Xu, Xu, Xu, Xue, Xu, Xue, Xu, Xu, Xu, Xu, Xu, Xu, Md^Xm, Xu, Md, Hhd^Em, Gll^Em, Md, Hhd, Re, 1 Gll, Hhd, Gd^Fdw, Gll^Fmw
Xu, Xu, Xu, Xu, Xu, Xu, Xu, Xu, Xu, Xu, Xu, Xu, Xu, Xu, Xu, Xu, Xu, Xu, Xu, Xu, Xu, Xu, Xu, Xu, Xu, Xu, Xu, Xu, Xu, Xu, Xu, Xu, Xu, Md^Xm, Md^Xm, Md^Xm, Md, Md, Hhd^Fdw, Hhd, Gll^Fmw, Re^Es, Re^Es, Gll^Em, Hhd, Hhd^Es
Xu, Xu, Xu, Xu, Xu, Xu, Xu, Xu, Xu, Xu, Xu, Xu, Xu, Xu, Xu, Xu, Xu, Xu, Xu, Xu, Xu, Xu, Xu, Xu, Xu, Xu, Xu, Xu, Xu, Xu, Xu, Xu, Xu, Md^Xm, Mm^Xm, Md, Mm, Hhd, Hhd, Gd^Fmw, Hhd, Re, Gd, Re, Hhd, Hhd^Fdw
