Xu, Xu, Xu, Xu, Xu, Xu, Xu, Md^Xm, Md^Xm, Md, Md, Md, Sm^Em, Sm, Sm, Gll^Fdw, Gll^Em, Wwg, Wwg^Ewl, Rb^Fdw, Gll^Fdw, Sm, Ss, Hhd^Fdw, Hhd^Fdw, Rb, Hhd^Fdw, Hhd, Hhd^Fdw, Gll^Fdw, Md, Gd, Md, Hhd, Md, Gll^Fmw, Md, Hhd, Hhd, Hhd, Md, Md, Hhd, Re, Md
Xu, Xu, Xue, Xue, Xue, Xu, Xu, Xu, Md^Xm, Md, Hhd, Md, Rd, Rd, Gll, Ss^Em, Ss^Emf, Wwrg, Sm, Sm, Rd^Em, Sm, Rb^Em, Gll^Em, Gll^Fmw, Rb, Sm, Hhd^Fdw, Hhd^Fmw, Md, Md, Md, Md, Md, Md, Md, Md, Md, Ket^Vct, Hhd, Re^Es, Re^Es, Hhd, Hhd, Hhd
Xu, Xue, Re^Emf, Rb^Emf, Xue, Xu, Xue, Xue, Hhd, Hhd, Hhd, Hhd, Sm^Em, Sm, Ss^Vhs, Gll^Fdw, Ss, Chs, 7 Khs, Chs, Rd^Tf, Ss^Em, Ss^Emf, Ss^Tf, Ss, Sm^Vm, Gll^Fdw, Gll^Fmw, Hhd^Em, Hhd^Fdw, Hhd^Fmw, Hhd^Fp, Md, Md, Md, Md, Ket, Ket, Cfr, Ket, Ket, Re, Hhd, Md, Md
Xu, Xue, Rb^Emf, Re^Emf, Uue, Xue, Uue^Pr\o, Cud, Cud, Md, Md, Md, Md^Xm, Ss^Emf, Hhd, Gll^Fmw, Sm, Chs, Chs, Chs, Sm^Em, Rb^Em, Rb^Fdw, Ss^Em, Sm, Rb, Sm^Em, Hhd^Fdw, Gll^Em, Hhd^Fmw, Hhd^Fdw, Hhd^Fmw, Hhd, Hhd, Hhd^Fdw, Md, Ket, Cfr, 3 Kfr, Ch^Vd, Ket, Hhd, Md, Md, Md
Uue, Uhe, Uue^Tf, Uue^Ebn, Ur^Es, Ur^Es, Uh, Uu^Pr\o, Xu, Hhd, Md^Xm, Md, Md^Xm, Md^Xm, Md, Hhd, Wwg^Ewl, Sm^Em, Gll^Fdw, Ss, Sm, Ss^Vhs, Ss^Em, Ss, Rb^Fdw, Sm, Rb, Gll^Fdw, Gd, Gd, Hhd^Fdw, Hhd, Hhd, Md, Md, Hhd, Ket^Vct, Ch^Vd, Ch, Cfr, Ket^Vct, Md, Md, Md, Md
Xue, Uue, Uhe, Uue^Em, Uhe, Xu, Xu, Xu, Xu, Md^Xm, Xu, Md^Xm, Md^Xm, Md^Xm, Md, Md, Wwg^Vm, Sm, Ss, Gll^Fmw, Sm, Sm, Sm, Rb^Fdw, Gll^Fmw, Rb, Hhd, Gll, Gll, Gd, Hhd, Md, Hhd^Vd, Md, Hhd^Es, Hhd, Hhd, Ket, Ket, Ket, Hhd, Hhd, Md, Md, Md
Xos, Uu^Vud, Uue^Tf, Ur, Uu, Uh^Vu, Uu, Xue, Xu, Xu, Xu, Xu, Md^Xm, Md^Xm, Md, Md, Md, Wwrg, Hhd, Ss, Hhd, Wwg, Wwg, Gll^Fmw, Gll^Fp, Rb^Es, Hhd^Fdw, Hhd^Em, Gd^Em, Hhd^Es, Md, Md, Re, Hhd^Es, Hhd, Re^Es, Re, Re^Es, Hhd, Re^Es, Gd, Hhd^Vd, Md, Md, Md
Ur, Uu^Em, Uu, Ur, Uue, Ur, Xue, Xue, Xue, Xu, Xu, Xu, Xu, Md^Xm, Md^Xm, Md^Xm, Md, Md, Md^Xm, Md^Xm, Md, Hhd, Wog, Wwg, Gll^Fdw, Gll^Em, Gd^Fdw, Hhd^Fmw, Hhd, Hhd, Gd, Hhd, Re^Es, Hhd, Gd, Re, Gd, Gd, Hhd^Fdw, Md, Hhd^Fdw, Md, Md, Md, Md
Xos, Ur, Xue, Xu, Uhe^Tf, Uue, Uhe, Re^Emf, Rb^Emf, Xos, Xu, Xu, Xu, Md^Xm, Md^Xm, Md^Xm, Md^Xm, Md^Xm, Md^Xm, Md^Xm, Gll^Fetd, Md, Wog, Wwg, Wwg, Hhd, Gd, Re^Vct, Re, Gd, Re, Re, Re, Gd, Hhd^Fdw, Gd, Hhd, Hhd^Fdw, Md, Md, Hhd^Em, Hhd^Fmw, Md, Md, Md
Xu, Xos, Xue, Xue, Xue, Ur, Ur^Es, Re^Emf, Rb^Emf, Xos, Xos, Xu, Xu, Md^Xm, Md^Xm, Md^Xm, Md^Xm, Md, Hhd^Fmw, Hhd^Fdw, Gll^Es, Rb, Gll^Em, Wog, Wog, Hhd, Re^Vct, Re, Re, Ce, Ce, Re, Re, Re^Es, Re, Hhd, Md, Hhd^Vd, Hhd^Fdw, Hhd^Fmw, Md, Md, Md, Md, Hhd
Xu, Xos, Rb^Emf, Rb^Em, Uue, Uue^Vu, Uue, Uue^Ebn, Xos, Xos, Re^Emf, Xos, Xu, Md^Xm, Md^Xm, Md^Xm, Md^Xm, Md, Md, Gll^Fmw, Md, Md, Hhd^Fdw, Wog, Wog, Re, Re^Es, Re, Ce, 6 Ke, Ce, Re^Vct, Gd, Gd, Hhd, Re^Es, Hhd^Fdw, Hhd^Em, Hhd^Fp, Hhd^Fp, Md, Md, Md, Md, Md
Xos, Xos, Rb^Em, Rb^Emf, Uhe, Uue^Tf, Ur, Uue^Tf, Uhe, Re^Emf, Rb^Emf, Xue, Md^Xm, Md^Xm, Md^Xm, Md^Xm, Md, Md^Xm, Md^Xm, Hhd^Fdw, Md, Hhd^Fdw, Gll^Fmw, Wog, Wog, Re, Gd, Re, Re, Ce, Re, Hhd, Hhd, Hhd, Md, Md, Md, Hhd, Md, Md, Md, Md, Md, Md, Hhd
Xu, Xos, Xos, Xos, Re^Emf, Uhe^Vud, Ur, Xos, Xos, Rb^Em, Xue, Xue, Md^Xm, Md^Xm, Md^Xm, Md^Xm, Md, Md^Xm, Md, Md, Md^Xm, Md, Md, Wog, Wwg, Gd, Gd^Dr, Gd, Re^Vct, Re, Gd^Es, Hhd, Hhd^Fdw, Md, Md, Md, Md, Md, Md, Md, Md, Md, Md, Md, Md
Xu, Xu, Xos, Re^Emf, Rb^Em, Uue, Uue^Ebn, Uue, Ur, Uue^Vu, Rb^Emf, Xos, Xue, Md^Xm, Md^Xm, Md^Xm, Md^Xm, Md, Hh, Md, Md^Xm, Md^Xm, Md, Wog, Wwg^Bw/, Cfr, Cfr, Re, Re, Re^Es, Gd, Gd, Hhd, Md, Md, Md, Md, Md, Hhd, Hhd, Md, Hhd^Fdw, Hhd^Fmw, Md, Md
Xu, Xue, Xos, Re^Emf, Xos, Uue, Uue, Ur^Es, Xos, Re^Emf, Rb^Emf, Re^Emf, Xue, Md^Xm, Md^Xm, Md^Xm, Md, Md, Hh^Fmw, Hhd, Md, Md, Cfr, Wwg^Bw/, Wwg, Cfr, Gd^Dr, Cfr, Gd, Gll, Gll^Em, Gll, Hhd^Fdw, Hhd, Re, Hhd, Re^Es, Md, Md, Md, Hhd, Hhd^Fdw, Md, Md, Md
Xu, Xue, Rb^Em, Xos, Xue, Uue^Tf, Ur^Es, Uu, Uu^Pr/o, Xos, Xos, Xos, Md^Xm, Md^Xm, Md^Xm, Md^Xm, Md^Xm, Md, Md, Hhd^Fdw, Md, Cfr, Cfr, Wwg, Wwg^Bw/, Wwg^Bw/, Wog, Hhd^Fdw, Hhd, Gll^Fdw, Hhd, Gll^Em, Gd, Gd, Gd, Re, Re, Hhd, Re, Gd, Hhd, Md, Md, Md, Md
Xue, Xos, Re^Emf, Re^Emf, Uue, Ur, Xu, Uh^Pr/o, Cud, Cud, Hhd, Md^Xm, Md^Xm, Md^Xm, Md, Md, Md^Xm, Md^Xm, Md^Xm, Md, Hh, Hhd^Es, Gd^Dr, Cfr, Hhd^Fdw, Wwg, Wwg, Wog, Wog, Hhd^Fmw, Hhd^Fdw, Gd^Fdw, Hhd, Hhd, Hhd, Re, Re^Vct, Re^Es, Re^Es, Re, Hhd, Md, Md, Md, Hhd
Xu, Xue, Rb^Emf, Re^Em, Ur, Uue^Vud, Xos, Xos, Xue, Hhd, Md, Md, Md, Md, Hhd^Fmw, Md, Gll^Fmw, Md, Md, Md, Rd^Es, Re^Es, Hhd^Fdw, Hhd^Es, Gd^Fdw, Gd, Hh^Fdw, Wog, Wog, Hhd^Fmw, Md, Hhd, Md, Hhd, Md, Re, Hhd, Ce, Ce, Hhd, Hhd, Hhd^Fdw, Md, Md, Md
Xu, Xue, Xue, Uhe^Em, Uhe, Ur, Rb^Em, Rb^Emf, Xue, Md^Xm, Md^Xm, Md, Md, Hh^Fp, Mm, Hhd^Fdw, Gs^Em, Gll^Em, Gd, Gd, Rd, Mm, Hh^Fdw, Hhd, Gll^Fmw, Hh^Fmw, Hh^Fp, Wog, Wog, Md, Md, Md, Md, Hhd, Hhd, Re^Es, Ce, 4 Ke, Ce, Hhd, Re^Vct, Hhd^Em, Hhd^Fdw, Md, Hhd
Xu, Xu, Xue, Uue^Tf, Ur, Uue, Re^Emf, Rb^Emf, Xue, Md^Xm, Md^Xm, Md^Xm, Md, Hhd^Em, Hh^Fp, Cfr, Rd, Rd^Es, Hh^Fdw, Mm, Mm, Hh^Fmw, Hh^Fp, Hhd^Fp, Gll^Em, Gll^Fdw, Gs^Fdw, Wog, Wog, Hhd^Fmw, Md, Md, Hhd^Fmw, Md, Hhd, Hhd, Re, Ce, Re, Re^Es, Hhd, Hhd^Fdw, Gd, Hhd, Hhd
Xu, Xu, Xu, Xuc, Uu^Ebn, Ur, Xu, Xue, Md^Xm, Md^Xm, Md, Md^Xm, Md^Xm, Hh^Fp, Hh^Fmw, Gs, Hh, Cfr, Hh, Hh^Em, Gd^Fmw, Hhd^Fmw, Hh^Fp, Gd^Fp, Gs^Fdw, Gll^Fmw, Hh^Fmw, Hh^Fp, Wog, Md, Md, Hhd^Fdw, Md, Hhd^Fdw, Md, Gd, Gd, Re^Vct, Re, Re, Cfr, Gd, Hhd, Hhd^Fdw, Gd
Xu, Xu, Xuc, Xuc, Ur^Es, Uu^Tf, Xu, Xu, Md^Xm, Md^Xm, Md, Md^Xm, Md, Md, Hh, Hh^Vc, Rd^Es, Hh, Hh^Em, Hhd^Fdw, Hhd^Fmw, Hh, Mm, Hh^Fmw, Hhd^Fdw, Gll^Fmw, Md, Hh, Hhd, Wog, Wog, Md, Md, Md, Hhd^Fdw, Hhd, Gd, Re, Re^Es, Re, Wwf^Bw\r, Wwg, Wwg, Wwf, Wwf
Xu, Xu, Uu^Tf, Ur, Uh, Uh^Es, Xuc, Md^Xm, Md^Xm, Md^Xm, Md^Xm, Md, Hhd^Fdw, Md, Hhd, Rp, Gs, Gs, Md, Md, Md, Mm, Mm, Mm, Md, Md, Md, Md, Md, Wog, Md, Wog, Wog, Wwg, Wwg, Wwg, Wwg, Hhd, Wwg, Wwg, Wwf, Re, Re, Gll^Fmw, Hhd^Fmw
Xu, Xom, Uu^Em, Uu, Xuc, Xuc, Cud, Xu, Md^Xm, Md^Xm, Cfr, Hhd^Vhhr, Md, Rd, Rd^Es, Rp, Gs^Vc, Hh, Hh^Fp, Md, Md, Md, Md, Md, Md, Md, Md, Hh^Fp, Hh^Fmw, Md, Md, Md, Md, Wog, Gs^Fp, Wwg, Wog, Wwg, Wwg, Wwg, Gd, Gd, Re^Es, Gll^Fdw, Hhd
Xom, Xom, Uh^Pw\o, Ur^Es, Xom, Xom, 2 Kud, Cud, Md, Cfr, Rd^Es, Hhd^Dr, Hhd^Fdw, Hhd, Rd, Gs^Fmw, Gll^Em, Hh^Fmw, Hh^Fp, Mm, Mm, Md, Md, Md, Md, Md, Md, Md, Hh^Fp, Md, Hh^Fmw, Md, Hh, Hh^Fmw, Gll^Fmw, Gs^Fmw, Gs^Em, Wog, Wog, Wog, Hhd^Fdw, Re, Re^Es, Hhd, Gd^Fdw
Uu, Uh^Tf, Uu, Ur^Pw\o, Xuc, Cud, Cud, Cud, Rp, Rd^Es, Rd, Rp, Rp^Es, Rp, Hh, Hh^Fdw, Gs^Fmw, Gll^Fmw, Gd^Fmw, Hh^Em, Gs^Fp, Mm, Hh^Fmw, Md, Hh^Fdw, Hh^Fmw, Hhd^Fmw, Hh, Md, Hh^Fdw, Gll^Fmw, Md, Hhd^Fdw, Gs^Em, Hhd^Fdw, Gll^Fdw, Gd^Fdw, Wog, Wog, Wog, Wog, Cfr, Cfr, Re^Dr, Wwg
Rr, Uu^Em, Ur, Ur, Rr, Cud, Ur, Rr, Md, Rp, Cfr, Rd^Es, Cfr, Hh^Fdw, Hh^Fmw, Cfr, Gll^Fmw, Rd, Rd, Gd, Rd, Gs^Fmw, Gs, Gd, Gs^Fmw, Gll^Fdw, Hhd, Md, Hhd^Vhhr, Md, Hhd, Hh^Em, Md^Xm, Hhd, Gd^Fmw, Gll^Fmw, Gd, Gll^Fmw, Gll^Fdw, Wwg, Wwg, Wwg^Bw|r, Wwg, Wwg^Bw|r, Wwg
Uu^Em, Rr, Ur, Rr, Rr, Ur^Es, Cud, Cud, Xu, Md, Md^Xm, Cfr, Md^Xm, Mm, Hh^Fp, Gs^Fmw, Gs^Fdw, Gll^Em, Gll^Fmw, Hh^Fmw, Hh, Gd, Re, Gs^Fdw, Gll, Gll, Re, Re, Hhd, Md, Md, Md, Md^Xm, Md^Xm, Md, Hhd^Fp, Hhd^Fmw, Hhd^Fmw, Gd, Hhd, Hhd^Fdw, Wwg^Bw|r, Wwg, Wwg^Bw|r, Gd
Xom, Uu^Tf, Xom, Ur^Es, Rr, Xu, Uu, Uu, Xu, Xu, Md^Xm, Md^Xm, Md, Mm, Md, Hh^Vhhr, Mm, Hh, Cfr, Hh^Fdw, Gs^Em, Gs, Re, Re, Re, Gd^Fdw, Gd, Hhd, Md, Md^Xm, Md^Xm, Md, Md^Xm, Md^Xm, Md, Md, Hhd^Fdw, Hhd, Gd, Gd, Hhd, Ce, Re^Es, Cfr, Hhd
Xu, Xom, Xom, Uh, Cud, Xu, Uu^Vud, Uu^Vud, Xuc, Xu, Xu, Md^Xm, Md^Xm, Md^Xm, Md, Hh, Hh, Hhd^Fdw, Hhd^Fp, Gll^Fp, Gs^Fmw, Gs^Fdw, Gs, Re^Es, Re, Gd, Re, Re^Es, Hhd^Fdw, Md, Hhd^Fmw, Md, Md, Md^Xm, Md, Md, Md, Hhd, Hhd, Gd, Rb^Vct, Re, Rb^Es, Hhd, Gd
Xu, Xu, Xuc, Cud, Uu^Pw/o, Xuc, Xuc, Xuc, Re^Emf, Xuc, Xuc, Xu, Xu, Md^Xm, Hhd, Md, Hhd, Md, Md, Gll^Fp, Hhd^Fdw, Hhd, Hhd, Re, Re^Vct, Re^Es, Re, Hhd, Md, Md, Md, Hhd^Fmw, Hhd^Fdw, Md, Md, Md, Hhd, Md, Ce, Cfr, Ce, Rb^Es, Hhd, Re, Hhd^Fmw
Xu, Xu, Xuc, Uu^Pw/o, Uu, Ur, Ur^Es, Re^Emf, Rb^Em, Re^Emf, Xuc, Xue, Xu, Xu, Ur^Es, Uh, Xu, Md, Md, Md, Md, Hhd^Em, Re^Es, Re^Vct, Ce^Ecf, Re^Vct, Hhd, Hhd, Hhd, Md, Hhd, Gll^Fdw, Gd, Hhd, Ce, Re^Vct, Re, Cfr, Rb^Vd, Ce, 5 Ket, Hhd, Hhd^Es, Md, Md
Xu, Xu, Xuc, Xuc, Uh^Vu, Uh, Ur, Uue^Vu, Uue, Xuc, Re^Emf, Xuc, Xu, Xu, Ur, Uh, Xu, Uu^Vud, Md^Xm, Md, Hhd^Fdw, Hhd, Hhd^Fdw, Cfr, Ce^Vht, Cfr, Re^Vct, Hhd, Re, Re, Gd^Es, Gll, Gd, Re, Re^Es, Hhd, Gd, Rb, Rb, Cfr, Cfr, Re^Vct, Hhd^Fdw, Hhd^Fmw, Hhd^Fdw
Xu, Xu, Xuc, Xuc, Ur^Es, Uu, Uu^Ebn, Uue, Re^Em, Rb^Emf, Rb^Emf, Xuc, Uu^Emf, Uu^Tf, Uh, Uu, Xu, Md^Xm, Md^Xm, Md, Md, Hhd^Em, Hhd, Cfr, Cfr, Ke, Re^Vct, Re^Vct, Re, Gd, Gd, Hhd, Hhd, Gd, Gll, Gd, Re, Rb, Re, Ce, Re, Md, Md, Md, Md
Xu, Xu, Xue, Uhe, Uue, Uue, Uu^Vu, Xue, Xue, Re^Emf, Xuc, Xuc, Uu^Em, Ur^Es, Xu, Xu, Xu, Xu, Md^Xm, Md, Md, Md^Xm, Md^Xm, Hhd, Hhd, Hhd, Re, Hhd, Gd^Es, Hhd, Hhd^Fdw, Hhd^Fdw, Gll^Fdw, Gll, Gll^Fdw, Hhd, Hhd, Cfr, Hhd^Em, Re^Vct, Md, Hhd^Es, Md, Md^Xm, Md
Xu, Xue, Re^Em, Re^Emf, Re^Emf, Uue, Re^Emf, Re^Emf, Xue, Xue, Xu, Uh^Emf, Uu^Tf, Ur, Uu^Em, Xu, Xu, Xu, Xu, Md^Xm, Md, Md^Xm, Md^Xm, Md^Xm, Md, Gd, Gd^Fdw, Hhd, Gd, Hhd, Hhd^Fmw, Hhd^Fmw, Gll^Em, Re^Es, Re^Es, Hhd^Fdw, Hhd^Em, Gll^Fdw, Hhd^Fmw, Hhd^Fdw, Md, Md, Md^Xm, Md^Xm, Md^Xm
Xu, Xue, Rb^Emf, Rb^Emf, Xuc, Xuc, Re^Emf, Rb^Emf, Xue, Xue, Uu^Tf, Uu^Em, Ur^Es, Uu, Uu^Tf, Xu, Xu, Xu, Xu, Md^Xm, Md^Xm, Md^Xm, Md^Xm, Md, Md, Hhd^Fdw, Hhd^Em, Gd, Hhd, Hhd, Md, Gd, Hhd, Hhd^Fdw, Hhd^Fmw, Md, Md, Md, Md, Hhd^Fdw, Md, Md^Xm, Md^Xm, Md^Xm, Md^Xm
Xu, Xu, Xue, Re^Emf, Xuc, Xuc, Xu, Xue, Xu, Xu, Uh^Em, Uu, 1 Uu, Ur, Xoa, Xu, Xu, Xu, Xu, Md^Xm, Md^Xm, Md^Xm, Md^Xm, Md^Xm, Md^Xm, Md, Hhd, Md, Hhd^Vhhr, Md, Hhd^Fdw, Re^Es, Re, Md, Md, Md, Md^Xm, Md, Md^Xm, Md, Md^Xm, Md^Xm, Md^Xm, Md, Md
Xu, Xu, Xu, Xu, Xu, Xu, Xu, Xu, Xu, Xu, Xu, Uh, Ias^Pw/, Ias^Pw/, Xoa, Xu, Xu, Xu, Xu, Xu, Md^Xm, Md^Xm, Md^Xm, Md^Xm, Md, Md^Xm, Md, Md, Md^Xm, Md, Md, Hhd, Gd, Hhd, Md, Md^Xm, Md^Xm, Md^Xm, Md^Xm, Md^Xm, Md^Xm, Md^Xm, Md^Xm, Md, Md^Xm
Xu, Xu, Xu, Xu, Xu, Xu, Xu, Xu, Xu, Xu, Xu, Xoa, Uu, Ias, Xoa, Xu, Xu, Xu, Xu, Xu, Md^Xm, Md^Xm, Md^Xm, Md^Xm, Md^Xm, Md, Md^Xm, Md^Xm, Md^Xm, Md^Xm, Md^Xm, Md, Md, Re^Es, Re^Es, Md, Md^Xm, Md^Xm, Md^Xm, Md^Xm, Md^Xm, Md^Xm, Md^Xm, Md^Xm, Md^Xm
Xu, Xu, Xu, Xu, Xu, Xu, Xu, Xu, Xu, Xu, Xu, Xoa, Uu, Uu, Xoa, Xu, Xu, Xu, Xu, Xu, Md^Xm, Md^Xm, Md^Xm, Md^Xm, Md, Md, Md, Md^Xm, Md, Md, Md, Md, Md, Re, Re, Md, Md, Md, Md, Md, Md, Md^Xm, Md^Xm, Md^Xm, Md
