Ms^Xm, Ms^Xm, Ms^Xm, Ms^Xm, Ms^Xm, Ms^Xm, Ms^Xm, Ms^Xm, Ms^Xm, Ms^Xm, Ms^Xm, Ms, Ms, Ms, Ha, Hhd, Hhd, Ms, Ms, Ms, Ha, Ms, Ha^Fpa, Ms, Ms, Ms, Ms^Xm, Md, Md, Hhd, Hhd^Fmw, Gd, Ms, Ms, Ms, Md, Ms, Ms, Ms, Ms
Ms, Ms^Xm, Ms, Ms, Ms, Ms^Xm, Ms^Xm, Ms^Xm, Aa^Fpa, Aa^Fdw, Ha, Ms, Ha, Ms, Ms, Hhd, Md, Md^Xm, Md, Ha, Md, Md^Xm, Md, Ha^Fpa, Ms, Ms, Ms, Ms, Hhd^Em, Hhd^Fdw, Gs^Vc, Ha^Fpa, Ha^Fpa, Ms, Ha^Fpa, Md, Md^Xm, Md, Ha, Ha
Ms, Ms, Aa^Feta, Ha, Aa^Fma, Ms, Ms, Ms, Ha^Fma, Aa^Fma, Aa, Ms, Ms^Xm, Ha, Ms, Ms^Xm, Ms, Md, Ms, Ms^Xm, Ms, Md, Md, Md, Md, Ha^Fpa, Ha^Fpa, Gd^Vht, Gd, Gs^Em, Hhd^Fmw, Hhd^Fmw, Md, Hhd^Fdw, Hhd^Fdw, Md, Md, Md, Ms^Xm, Ms^Xm
Ms, Ha, Ha, Aa, Aa^Esa, Ms, Ha^Fpa, Ms, Ha, Gd^Fdw, Gd, Ms, Ms, Ms, Ha, Ms, Ms^Xm, Hhd^Vd, Ha, Ms, Cea, Hhd, Md^Xm, Md, Md, Hhd^Fdw, Hhd^Es, Hhd^Fdw, Aa, Hhd^Fdw, Md, Md, Md, Md^Xm, Md, Md, Md, Ms^Xm, Ms, Ms
Ms, Ms, Ha^Fma, Ha^Fma, Gd, Ha^Fma, Ms, Ms^Xm, Ms, Aa, Aa^Fma, Ha, Ms, Ms^Xm, Ms, Ms, Ms, Ms, Ha, Cea, 3 Kea, Cea, Ms, Ms, Ha, Ha^Fpa, Gd^Es, Gd, Gd, Aa, Ha^Fpa, Ha^Fpa, Md, Md, Hhd^Fdw, Hhd^Fdw, Md^Xm, Ms, Ha^Fpa, Ms
Ms^Xm, Ms, Ms, Ha^Fma, Aa^Fma, Gd^Fdw, Aa^Fma, Ms, Aa^Fma, Aa^Esa, Aa, Aa, Ha, Ms, Ms, Ms^Xm, Md, Md, Md^Xm, Md, Md, Cea, Hhd^Vd, Ms, Ha, Ha, Aa, Aa, Gd, Aa, Ms, Ms, Ms, Md, Md, Md, Md, Md, Hhd^Em, Aa^Fpa
Ms^Xm, Ms, Ms, Ha^Fpa, Aa, Gd^Fdw, Aa, Aa^Fpa, Aa^Fma, Aa, Ha, Gd, Hhd, Ha, Aa, Ms, Hhd, Md, Md, Md, Ha, Cea, Ha, Aa, Aa, Aa, Aa^Fma, Aa^Fda, Aa, Aa, Ha^Fpa, Ms, Aa^Fma, Hhd^Fdw, Hhd^Fdw, Hhd^Em, Md, Hhd^Fdw, Ha^Fda, Aa
Ms^Xm, Ms^Xm, Ms, Ha, Aa, Aa^Fpa, Aa, Aa^Fma, Ms, Ha^Fpa, Ms, Ms, Hhd^Fdw, Ha, Hhd^Fdw, Gd, Aa, Ha^Fpa, Aa, Ha, Aa, Gd, Gd^Es, Aa, Ha, Ha, Ms, Aa^Fpa, Ha^Fma, Aa^Fma, Aa, Aa, Gd, Aa, Cea, Hhd, Gd^Fdw, Gd^Fmw, Aa^Fma, Ha
Ms^Xm, Ms^Xm, Ms, Ms, Ha, Aa, Gd^Fdw, Gd^Es, Ms, Ms, Ms, Ms, Md, Md, Md, Gd, Hhd, Aa, Aa, Aa, Gd, Gd, Aa, Aa, Aa^Esa, Ms, Ms, Ms, Ms, Ha^Fpa, Md, Aa^Vca, Gd^Es, Gd, 5 Kea, Gd^Vct, Aa^Fpa, Ha^Fma, Md, Ha^Fma
Ms^Xm, Ms^Xm, Ms, Ms, Ms, Ha, Ms^Xm, Gd, Aa^Fma, Ha^Fpa, Ha^Fpa, Md, Md, Md, Md, Hhd^Vhh, Gd^Es, Gd^Es, Aa, Aa, Ha, Aa, Ha, Aa, Ha, Ms, Ha^Fpa, Ha, Ms, Ha^Fpa, Md, Aa^Fda, Hhd, Cea, Cea, Gd^Vct, Aa^Fma, Md, Md, Md
Ms^Xm, Ms^Xm, Ms^Xm, Ms^Xm, Ms, Ms, Ms, Ms, Ha, Aa, Aa, Gd, Hhd, Md, Md, Md, Gd, Aa, Ha, Aa^Esa, Ha, Ha, Ms, Ha, Ms, Ha^Fpa, Ms, Ms^Xm, Ms^Xm, Md, Md^Xm, Hhd^Fdw, Hhd, Gd, Gd^Es, Cea, Md, Md^Xm, Md, Ha
Ms^Xm, Ms^Xm, Ms^Xm, Ms^Xm, Ms, Ms, Ms, Ms^Xm, Ms, Aa^Fda, Aa, Aa, Aa, Md, Hhd, Hhd^Fdw, Aa, Aa, Ha^Fda, Ms, Ms, Ha^Fpa, Ha^Fpa, Ms^Xm, Ms^Xm, Ms, Ms, Ms^Xm, Wog, Ms^Xm, Md^Xm, Md, Hhd^Fdw, Hhd, Gd, Hhd^Fdw, Hhd, Md, Md, Md
Ms^Xm, Ms^Xm, Ms^Xm, Ms^Xm, Ms^Xm, Ms, Ms^Xm, Ms, Md, Ha, Hhd, Gd, Gd, Cea, Cea, Aa^Fma, Aa, Aa^Fda, Ms, Ms^Xm, Ms^Xm, Ha^Fpa, Ms, Ms^Xm, Ms^Xm, Wog, Wog, Wog, Wog, Md^Xm, Md, Md, Aa^Fda, Aa^Fda, Aa^Fda, Aa, Ha^Fda, Ha^Vca, Ms^Xm, Ms
Ms^Xm, Ms^Xm, Ms^Xm, Ms^Xm, Ms^Xm, Ms^Xm, Md^Xm, Md, Md, Md, Gd, Gd^Vct, Cea, 4 Kea, Cea, Gd^Es, Aa, Aa^Vca, Ha^Fpa, Ms, Ms, Ms, Ms, Ms^Xm, Ms, Ms^Xm, Ha^Fda, Wog, Ms, Ms^Xm, Ms, Md, Hhd, Hhd^Fdw, Aa, Aa^Esa, Gd^Fdw, Ms, Ms, Ms
Ms^Xm, Ms^Xm, Ms^Xm, Ms^Xm, Ms^Xm, Ms^Xm, Md^Xm, Md^Xm, Md, Hhd^Fdw, Hhd, Hhd, Gd^Es, Cea, Aa, Aa, Aa^Fda, Aa, Gd, Ha, Ha, Ha, Ms, Ms, Ha^Fma, Ms, Hhd, Wog, Wog, Ms, Wwg, Aa, Gd, Gd, Aa, Aa^Fma, Aa^Fma, Aa^Fpa, Ai, Ai
Xu, Ms^Xm, Ms^Xm, Ms^Xm, Ms^Xm, Ms^Xm, Xu, Md^Xm, Md, Md, Hhd, Hhd^Em, Hhd, Gd, Ha^Fda, Ha, Aa, Aa^Fda, Aa, Gd, Aa, Aa^Esa, Gd, Ha, Ha^Fma, Aa^Fma, Gd^Es, Md, Hhd, Wog, Hhd, Wwg^Bw/, Wwg, Ha^Fpa, Ha^Fpa, Aa^Fpa, Aa^Fpa, Wwg, Ha^Fpa, Ms
Xu, Xu, Xu, Xu, Xu, Xu, Xu, Xu, Hhd, Hhd^Fdw, Md, Md, Md, Hhd, Ha, Aa, Wwg, Ai, Ai, Aa, Ai, Aa^Fda, Gd, Aa, Aa, Aa, Hhd^Fdw, Gs, Gd, Hhd, Wog, Wwg, Ha, Wwg, Ai, Wwg, Ai, Wwg, Ms, Ms^Xm
Ur, Xu, Xu, Xu, Xu, Xu, Uh, Xu, Gd, Gd^Em, Hhd^Fdw, Md, Ha^Fpa, Md, Aa, Aa^Vha, Wwg^Bw\, Wwg, Wwg, Wwg, Wwg, Ai, Aa^Fma, Gd^Es, Gd, Hhd, Md, Aa^Fda, Ha^Fda, Wog, Ha^Fpa, Ha, Ms, Ha, Ms, Ha, Ha^Fpa, Aa^Fpa, Ha^Fpa, Ms
Uh, Ur, Uu, Uu, Uh, 1 Ur, Rb, Rb, Aa^Esa, Hhd^Fdw, Ms, Md, Wwg, Ha, Ai, Wwg, Wog, Wwg, Wog, Ai, Wog, Ai, Ai, Aa^Fda, Gd, Md, Md, Md, Wog, Wog, Ms, Ms, Ms^Xm, Ms, Ms, Ms, Ha, Aa^Fpa, Ms, Ha^Fpa
Xu, Uh, Uu, Uu^Tf, Uu^Tf, Uu, Xu, Aa^Esa, Ha, Ha, Aa, Ha, Ai, Wwg, Ai, Wog, Wog, Ai, Wog, Wog, Wwg, Wog, Wwg^Bw/, Gd, Hhd^Fdw, Ha, Ms, Ms^Xm, Ms, Wog, Ms, Ms, Ms^Xm, Ms^Xm, Ms^Xm, Ms, Ms, Ms, Ha, Ms
Xu, Xu, Xu, Xu, Xu, Xu, Xu, Ms^Xm, Ms, Ha^Fda, Aa^Esa, Aa, Ai, Wwg, Ai, Ai, Wwg, Ai, Wwg, Wwg, Gd, Wwg^Bw/, Wwg, Wog, Wog, Ha^Fda, Wog, Ms, Wog, Wog, Wog, Ms^Xm, Ms^Xm, Ms^Xm, Ms^Xm, Ms^Xm, Ms, Ms, Ms, Ha
Ms^Xm, Xu, Xu, Xu, Xu, Xu, Ms^Xm, Ms^Xm, Ms, Ha, Ha^Fda, Ha, Aa, Aa^Esa, Aa, Wwg, Ai, Aa, Aa^Vha, Ai, Gd, Aa, Ha, Ha^Fda, Md, Wog, Md, Wog, Wog, Wog, Wog, Wog, Ha, Aa, Ms^Xm, Ms^Xm, Ms, Ms, Ms, Ha^Fpa
Ms^Xm, Ms^Xm, Ms^Xm, Ms^Xm, Ms^Xm, Ms^Xm, Ms^Xm, Ms, Ha^Fpa, Ha^Fma, Ha^Fpa, Ha^Vhha, Aa, Aa, Aa^Fda, Ai, Ai, Aa, Ha, Aa, Gs, Hhd, Hhd^Fmw, Hhd, Hhd^Fdw, Md, Md^Xm, Aa, Wog, Wog, Wog, Wwf, Md^Xm, Md^Xm, Md^Xm, Ms^Xm, Ms, Ms, Ms, Ms
Ms^Xm, Ms^Xm, Ms^Xm, Ms^Xm, Ms^Xm, Ms^Xm, Ms, Ha, Ha^Fma, Ha^Fpa, Ha, Aa^Fda, Ha, Aa^Fda, Ha, Aa^Esa, Ha, Ha, Ms, Gs, Hhd, Gd, Aa, Aa^Vea, Md, Md^Xm, Md^Xm, Md^Xm, Md^Xm, Md^Xm, Md, Md, Md, Md^Xm, Md^Xm, Ms, Ms, Ms, Aa^Fma, Ha^Fma
Ms^Xm, Ms^Xm, Ms^Xm, Ms^Xm, Ms^Xm, Ms^Xm, Ms, Ms, Ha^Fpa, Ha^Fpa, Ms^Xm, Ha, Md, Ms, Md, Ha, Ms, Ms, Hhd^Fmw, Md, Md, Hhd, Hhd^Fdw, Hhd, Cva, Md, Md, Md^Xm, Md^Xm, Md^Xm, Md^Xm, Ha, Ha, Md, Md, Md^Xm, Ms, Ms, Ha^Fpa, Ha^Fpa
Ms^Xm, Ms^Xm, Ms^Xm, Ms, Ms, Ms^Xm, Ms, Ms, Md, Ms, Ms^Xm, Ms^Xm, Md^Xm, Md, Md^Xm, Md, Md, Md^Xm, Md, Md, Md, Md, Hhd^Fdw, Gs^Em, Cva, 2 Kva, Cva, Md, Md^Xm, Md^Xm, Md, Md, Ha^Fma, Md, Md^Xm, Ms, Mm, Ha, Hhd^Fdw, Ha
Ms^Xm, Ms^Xm, Ms^Xm, Ms^Xm, Ms, Ms, Ha^Fda, Ha^Fda, Ha^Fpa, Md, Ha^Fpa, Md^Xm, Md^Xm, Md^Xm, Md, Md, Hhd^Fdw, Md, Hhd^Em, Hhd^Vc, Aa, Hhd^Es, Aa, Aa, Gd^Fmw, Cva, Aa^Fma, Md, Md, Md, Md, Md, Md^Xm, Md^Xm, Md^Xm, Md^Xm, Hhd^Fmw, Hhd^Fdw, Hhd, Aa
Ms^Xm, Ms^Xm, Ms^Xm, Ms, Ms^Xm, Ha^Fpa, Ms, Ms^Xm, Ms, Md, Md, Md, Md^Xm, Md, Md, Hhd^Vht, Hhd^Fdw, Hhd^Em, Gs^Fmw, Gd, Aa, Aa^Fma, Gd, Aa^Fma, Aa, Gd^Em, Gs, Aa^Fma, Gs^Fdw, Hhd^Fmw, Hhd^Fmw, Md, Md, Md, Md, Hhd^Fmw, Md, Hhd^Fmw, Hhd, Hhd^Fdw
Ms^Xm, Ms^Xm, Ms^Xm, Ms, Ms, Ms, Aa, Ms, Aa, Md, Aa^Vca, Md^Xm, Ha, Md, Gd, Hhd, Gd, Hhd, Hhd, Aa^Fpa, Ha, Aa, Aa, Gd, Gd, Gd^Fmw, Ha^Fpa, Gd^Fdw, Aa^Fma, Gs^Fmw, Gd, Hhd^Fmw, Gd, Ha, Ms^Xm, Md, Md, Md, Md, Hhd
