Xu, Xu, Xu, Xu, Xu, Xu, Xu, Xu, Xu, Xu, Xu, Xu, Xu, Xu, Xu, Xu, Xu, Xu, Xu, Xu, Xu, Xu, Xu, Xu, Xu, Xu, Xu, Xu, Xu, Xu, Xu, Xu, Xu, Xu, Xu, Xu, Xu, Xu, Xu, Xu, Xu, Xu, Xu, Xu, Xu, Xu, Xu, Xu, Xu, Xu, Xu, Xu, Xu, Xu, Xu, Xu, Xu, Xu, Xu, Xu, Xu, Xu
Xu, Xu, Xu, Xu, Xoc, Xu, Xoc^Efs, Xoc, Xu, Xu, Xu, Xu, Xu, Xu, Xoc^Efs, Xoc, Xoc^Efs, Xu, Xu, Xu, Xu, Xu, Xu, Xu, Xu, Xu, Xu, Xu, Xu, Xu, Xu, Xu, Xoi, Xu, Xoi^Efs, Xoi, Xoi, Xoi, Xoi^Efs, Xu, Xu, Xu, Xu, Xu, Xu, Xu, Xu, Xu, Xu, Xu, Xu, Xu, Xu, Xu, Xu, Xu, Xu, Xu, Xu, Xu, Xu, Xu
Xu, Xu, Xu, Xu, Qlf, Xoc^Efs, Rrc, Qlf, Qlf, Xu, Xu, Xu, Xoc^Efs, Xoc, Qlf, Qlf, Qlf, Xoc, Xoc^Efs, Ql, Ql, Ql, Ql, Xu, Xu, Xu, Xu, Xu, Xu, Xu, Xoi, Xoi^Efs, Ql, Xoi, Ql, Ur^Vu, Ql, Ql, Ql, Xoi, Xoi^Efs, Xoi, Xoi^Efs, Xu, Xu, Xu, Xu, Xu, Xu, Xu, Xu, Xu, Xu, Xu, Xu, Xu, Xu, Xu, Xu, Xu, Xu, Xu
Xu, Xu, Xoc, Qlf, Rrc, Rrc, Irs, Rrc, Rrc, Xoc, Xoc^Efs, Xoc, Qlf, Qlf, Uu, Qlf, Ur, Uu, Ur, Ql, Ql, Ql, Xu, Xu, Ql, Xu, Ql, Xu, Xu, Xu, Xoi, Ql, Ql, Ql, Sm^Es, Ur^Es, Ur^Ebn, Ql, Sm^Es, Xoi, Sm^Emf, Sm^Vhs, Ur, Xoi, Xoi, Xu, Qlf, Xu, Xu, Xu, Xu, Xu, Xu, Xu, Xu, Xu, Xu, Xu, Xu, Xu, Xu, Xu
Xu, Xu, Xoc, Rrc, Irs, Irs, Irs, Irs, Rrc, Xoc, Uu, Uu, Ias, Ur, Ur, Ur, Ias, Ias, Uu, Ias, Ias, Xoc, Xoc, Ql, Ql, Ql, Ql, Ql, Ql, Xu, Xoi, Uu^Vud, Rb^Em, Sm^Es, Sm, Uue, Uu^Es, Ur^Es, Ur, Sm^Em, Sm^Em, Sm^Em, Xoi^Efs, Xoi, Xoi, Qlf, Qlf, Xu, Xu, Xu, Xu, Xu, Xu, Xu, Xu, Xu, Xu, Xu, Xu, Xu, Xu, Xu
Xu, Xu, Xoc, Rrc, Rrc, Irs, Rrc, Rrc, Uu, Uu, Ias, Ias, Uh^Tf, Uu, Qlf, Uu, Qlf, Qlf, Qlf, Ias, Ur, Xoc, Xoc, Ql, Ur, Ur^Edb, Ur, Ql, Ql, Xu, Xu, Xu, Sm^Emf, Rb^Em, Uue^Es, Uu, Cud, Cud, Cud, Rb, Rb^Es, Rb^Es, Ur^Es, Xoi, Xoi, Qlf, Ur, Qlf, Qlf, Qlf, Qlf, Xu, Xu, Xu, Xu, Xu, Xu, Xu, Xu, Xu, Xu, Xu
Xu, Xu, Qlf, Qlf, Qlf, Rrc, Xoc, Xoc, Xoc, Ur, Qlf, Ur, Uu, Qlf, Qlf, Qlf, Qlf, Qlf, Xoc, Uu, Uu, Xoc^Efs, Xoc, Xoc^Efs, Ur^Pr\, Ur^Edb, Ql, Ql, Ql, Xu, Ql, Ql, Sm^Emf, Uue^Em, Uue, Rb^Es, Cud, 4 Kud, Cud, Rb^Es, Rb^Em, Uu^Ebn, Xoi, Ur^Pr/, Ur, Ur, Urb^Ii, Ur, Qlf, Qlf, Xu, Xu, Xu, Xu, Xu, Xu, Xu, Xu, Xu, Xu, Xu, Xu
Xu, Xu, Xu, Qlf, Xu, Xoc, Xoc, Xoc, Xoc, Xoc^Efs, Qlf, Uu, Uu, Qlf, Xoc, Xoc, Xoc, Xoc, Xoc, Uu, Ur, Ur, Uu^Em, Uu^Es, Uh^Em, Xoc, Xoc, Ql, Xu, Xu, Ql, Ql, Xoi^Efs, Uue^Em, Rb^Es, Rb, Rb, Cud, Sm^Bw\r, Sm, Sm^Em, Xoi, Xoi, Xoi, Qlf, Ur, Ur, Ur, Qlf, Qlf, Xu, Xu, Xu, Xu, Xu, Xu, Xu, Xu, Xu, Xu, Xu, Xu
Xu, Xu, Xu, Xu, Xu, Xu, Ql, Xoc^Efs, Qlf, Qlf, Uu, Ur, Ur, Xoc, Xoc, Xoc^Efs, Ql, Xoc^Efs, Xoc, Xoc, Uu^Pr\, Uu, Uh^Em, Uh^Emf, Uh^Tf, Xoc^Efs, Xoc, Xoc, Xoi, Xu, Xoi, Xoi, Uu^Em, Rb, Ur, Rb, Rb, Sm^Es, Sm, Sm^Bw\r, Uh^Emf, Xoi, Xoi, Xoi, Qlf, Qlf, Qlf, Qlf, Qlf, Xu, Ql, Ql, Xu, Xu, Xu, Xu, Xu, Xu, Xu, Xu, Xu, Xu
Xu, Xu, Ql, Ql, Ql, Ql, Xoc, Qlf, Xoc, Uu^Tf, Ur, Ur, Uu^Pr/, Xoc, Xoc, Ql, Ql, Ql, Xu, Ur^Edb, Xoc, Xoc, Xoc, Uh^Emf, Uh^Em, Uh^Emf, Ql, Xoc^Efs, Ql, Xoi, Xoi^Efs, Uue^Emf, Ur^Es, Ur, Sm, Sm, Rb^Em, Sm^Em, Sm^Em, Uue^Emf, Xoi, Uh^Vud, Xoi, Qlf, Qlf, Qlf, Qlf, Qlf, Xu, Xu, Ql, Ql, Ql, Xu, Ql, Xu, Ql, Ql, Ql, Xu, Xu, Xu
Xu, Xu, Xu, Ql, Xu, Xu, Xoc, Xoc^Efs, Ur^Pr\, Ur, Xoc, Uu^Pr/, Ur, Ur, Uh, Ql, Ql, Xu, Ur^Edb, Ur^Edb, Xu, Xu, Xom, Xoc, Uu^Em, Uu, Ql, Ql, Ql, Xoi, Uu, Uue^Em, Rb^Es, Ur, Uue, Uu^Ebn, Sm^Em, Uh^Emf, Uh^Tf, Xoi^Efs, Xoi, Xoi^Efs, Ql, Xoi^Efs, Xom, Xu, Xu, Xu, Ql, Ql, Ql, Ql, Ql, Ql, Ql, Ql, Ql, Ql, Xu, Xu, Xu, Xu
Xu, Xu, Xu, Xu, Qlf, Xoc^Efs, Ur, Ur, Xoc, Xoc, Xoc, Ur, Uu^Tf, Uu^Vu, Ql, Ql, Ql, Xu, Uh, Uu^Vu, Xu, Xom, Uh^Vud, Xoc^Efs, Uu^Es, Uu, Uh^Emf, Ql, Xom, Xoc, Cud, Uu, Rb, Uue, Xoi, Ql, Ql, Uh^Vud, Uue^Em, Ur^Br\, Ur^Br\, Ql, Ql, Ql, Xom, Xom, Xom^Efs, Ql, Wwf^Em, Wwf^Emf, Ql, Ql, Xuc, Ql, Xuc, Ql, Ql, Ql, Xu, Xu, Xu, Xu
Xu, Xu, Xu, Qlf, Qlf, Ur, Urb^Ii, Ur, Xoc, Xoc, Ql, Ql, Ql, Ql, Ql, Ql, Xu, Xu, Xu, Xu, Xom, Xom^Efs, Uu^Emf, Uh^Tf, Uu^Em, Uu^Em, Uu^Es, Uu^Eb, Xom^Efs, Xom, Rb^Es, Rb, Uue^Es, Cud, Xu, Ql, Xom, Xom, Sm^Em, Sm^Em, Wwf^Es, Ur^Br\, Ur^Br\, Xom^Efs, Xom, Xom, Ur^Br/, Ur^Br/, Xuc^Efs, Sm^Tf, Uh^Es, Ql, Xuc^Efs, Xuc, Xuc, Xuc, Xu, Xu, Xu, Xu, Xu, Xu
Xu, Xu, Xu, Qlf, Qlf, Ur, Ur, Ur, Qlf, Xu, Xu, Ql, Ql, Ql, Xu, Xu, Xu, Xu, Xu, Xom, Uu^Eb, Uh^Vu, Xom, Xom^Efs, Uu^Es, Xom, Uu, Uu, Uu^Pw/o, Xom, Ur, Ur, Uue^Es, Xoi^Efs, Xom, Xom, Ql, Xom^Efs, Wwf^Em, Sm^Emf, Xuc, Wwf^Ewl, Wwf^Em, Ur^Br\, Ur^Br/, Ur^Br/, Wwf, Ur^Br\, Wwf, Xuc, Sm^Tf, Uh^Es, Ql, Xuc, Ql, Ql, Ql, Xu, Xu, Xu, Xu, Xu
Xu, Xu, Xu, Qlf, Qlf, Qlf, Qlf, Qlf, Qlf, Qlf, Xu, Xu, Xu, Xu, Xu, Xu, Xu, Xu, Xu, Xom, Uh^Emf, Uh^Tf, Uu^Emf, Uu^Em, Xom, Xom, Uu^Pw\o, Xom, Xom^Efs, Rb, Ur^Es, Uu, Wwf, Sm^Em, Xom, Ql, Ql, Wwf, Uue, Xuc^Efs, Xuc, Xuc, Wwf^Emf, Ur^Br|, Xuc, Xuc, Xuc, Wwf, Sm^Dr, Wwf, Uue^Emf, Ql, Ql, Ql, Ql, Ql, Xu, Xu, Ql, Xu, Xu, Xu
Xu, Xu, Xu, Xu, Xu, Xu, Xu, Qlf, Xu, Xu, Xos^Efs, Xos, Xos^Efs, Xu, Xos, Xu, Xu, Xu, Xu, Xom, Xom, Uu^Vud, Xom, Uu^Em, Xom, Ur^Es, Ur^Es, Xom, Uu, Rb, Ur^Es, Wwf, Wwf, Sm^Em, Sm^Emf, Xom, Ql, Ql, Ql, Ql, Ql, Wwf^Tf, Wwf^Emf, Sm^Em, Xuc^Efs, Xuc, Xuc, Ql, Ql, Ql, Ql, Xu, Xu, Ql, Xu, Xu, Xu, Ql, Ql, Ql, Xu, Xu
Xos, Xu, Xos^Efs, Xos, Ql, Ql, Ql, Xu, Ql, Xos, Ql, Ql, Ql, Xos, Xos, Xu, Ql, Ql, Ql, Xu, Xu, Xom, Xos, Uu, Uu^Es, Ur^Es, Ur^Es, Ur^Es, Ur, Ur, Uu, Uue, Wwf^Em, Xom, Sm^Tf, Xom, Xom, Ql, Ql, Ql, Ql, Uh, Uh^Tf, Wwf^Em, Ql, Xuc, Xu, Ql, Ql, Ql, Xu, Xu, Ql, Xu, Ql, Xu, Ql, Ql, Ql, Xu, Xu, Xu
Ur, Xos, Uu^Vud, Uh, Uu^Tf, Ql, Uh^Em, Ql, Uu^Vud, Uu, Ur^Es, Ur^Ebn, Uu, Uu^Vu, Uu^Emf, Uu, Uu^Es, Ql, Ql, Ql, Xos^Efs, Xos, Uu^Es, Uu^Pw\o, Xom^Efs, Xom, Ur, Uu, Uu^Es, Ur, Uue^Em, Wwf, Uue^Ebn, Sm^Emf, Xom, Xom, Xu, Ql, Ql, Ql, Ql, Ql, Ql, Ql, Ql, Ql, Xu, Xu, Xu, Xu, Ql, Ql, Ql, Ql, Ql, Ql, Ql, Ql, Ql, Xu, Xu, Xu
Ur, Uu, Uu, Uu, Ce, Ur, Ce, Uu^Em, Uu, Uu, Uu, Ur, Ur^Es, Uu^Em, Uu, Ur^Es, Ur, Ur, Ur^Pr/, Xos, Uu, Uu^Ebn, Uu^Es, Uu^Es, Uu^Es, Xom, Ur^Es, Uu, Uu^Es, Uu^Vud, Uu^Emf, Uue, Uh^Em, Xom, Xom^Efs, Xu, Xu, Xu, Xu, Xu, Xu, Ql, Xu, Ql, Xu, Xu, Xu, Xu, Xoa, Ql, Ql, Ql, Cud, Urb^Ebn, Urb, Urb^Vud, Cud, Ql, Ql, Ql, Ql, Ql
Ur, Ur^Es, Ur^Es, Ur, Ce, 1 Ke, Ce, Ur^Es, Ur^Es, Uu^Emf, Ur, Ur, Ur^Vu, Uu^Emf, Ur, Ur, Xos, Ur^Pr/, Ur^Es, Ur, Ur^Es, Ur, Ur^Es, Ur, Cud, Ur^Es, Uu, Uu^Em, Uu^Emf, Uu^Em, Uu^Em, Uu, Uu^Vud, Uh^Tf, Uh^Emf, Xom, Xom, Xu, Ql, Ql, Ql, Xu, Xu, Xu, Xoa, Xu, Xoa^Efs, Xoa, Xoa, Xoa^Efs, Uu^Emf, Cud, Uu^Emf, Ur^Es, Ur^Es, Urb, Cud, Ql, Ql, Ql, Ql, Ql
Uu^Es, Ur, Uu^Es, Uu^Em, Uu^Emf, Ce, Uu, Uu, Ur, Ur, Ql, Ql, Xu, Ql, Ql, Ql, Ql, Xos, Xos, Ur, Ur^Es, Ur^Es, Ur, Cud, Cud, Ur^Es, Ur, Uu^Vud, Uu^Emf, Uu^Es, Uu, Ur^Es, Uu^Es, Uu^Emf, Xom, Uh^Tf, Xoc^Efs, Xu, Xoc, Ql, Ql, Ql, Xoa, Xoa^Efs, Ur^Es, Xoa, Uu^Tf, Uu^Ebn, Cud, Ur^Vud, Ur^Es, Uu^Em, Uu^Em, Cud, Urb, Urb, Urb, Cud, Xoa, Ql, Ql, Ql
Xos, Uu^Es, Uu^Vu, Uh, Uh^Tf, Uh, Uu^Vud, Ur^Es, Ql, Ql, Ql, Xu, Xu, Xu, Xu, Ql, Ql, Ql, Xu, Xos, Xuc^Efs, Ur^Es, Ur^Es, Ur^Es, Ur, Ur^Es, Ur^Es, Uu, Cud, Cud, Cud, Ur^Es, Uu, Uu^Em, Uu, Uh^Em, Uh^Emf, Xoc, Urb^Ii, Xoc, Urb, Xoa, Uu^Em, Uu, Ur^Es, Uu^Emf, Uu^Em, Ur^Es, Uu, Uu, Ur, Uu^Es, Ur^Es, Ur, Cud, Urb, Urb, Urb^Vud, Cud, Xoa, Ql, Ql
Xu, Xos, Xos, Xos, Xos, Uh^Emf, Xu, Xu, Xu, Ql, Xu, Xu, Xu, Xu, Ql, Xu, Xu, Xu, Xuc, Xuc, Ql, Xuc, Uue^Ebn, Uu, Uu, Ur^Es, Ur^Es, Ur, Cud, 3 Kud, Cud, Ur^Es, Ur, Uu, Ur^Es, Uu^Em, Uu, Uu, Urb^Ii, Xu, Urb, Xu, Uu, Uu, Uu, Ur^Edb, Ur^Edb, Ur^Es, Ur, Ur^Edb, Ur, Ur^Edb, Ur, Urb, Urb, Urb, Urb, Cud, 2 Kud, Xoa, Ql, Ql
Xu, Xu, Xu, Xu, Xu, Xu, Xu, Xu, Ql, Xu, Ql, Ql, Ql, Ql, Ql, Ql, Ql, Xuc, Ql, Ql, Ql, Ql, Sm, Sm^Em, Uue^Vu, Ur, Uu^Es, Ur, Ur, Cud, Ur^Es, Ur, Uu, Ur, Uu^Ebn, Ur^Es, Ur, Ur, Urb^Ii, Xu, Urb, Xu, Uu^Tf, Uu^Em, Uu^Em, Ur^Es, Uu, Ur, Ur^Es, Ur^Edb, Ur, Ur^Es, Ur, Urb, Cud, Urb, Urb, Cud, Cud, Xoa, Ql, Ql
Xu, Xu, Xu, Xu, Xu, Xu, Ql, Ql, Ql, Ql, Ql, Ql, Ql, Ql, Ur, Ql, Ql, Xuc, Xuc, Ql, Xuc, Ql, Sm^Em, Sm^Emf, Sm^Em, Uue, Uu, Ur, Ur^Es, Ur, Ur, Uu^Em, Xom^Efs, Uu^Es, Xom^Efs, Xoc, Xoc, Xoc, Xoc, Xoc, Xu, Xoa, Xoa, Uu, Uu, Uu^Em, Uu^Emf, Uu, Cud, Uu^Em, Ur^Es, Ur^Edb, Uu, Ur^Es, Urb, Urb, Urb, Urb^Vud, Xoa, Xoa, Ql, Ql
Xu, Xu, Xu, Xu, Xu, Xu, Ql, Ql, Uu, Ur, Ur^Edb, Ql, Xuc, Uu^Edb, Ur^Edb, Ql, Ql, Ql, Xuc, Xuc, Ql, Sm^Em, Sm^Emf, Uh^Em, Sm^Es, Uue^Es, Ur, Ur^Vu, Cud, Ur^Es, Uue^Em, Uu^Vud, Sm, Sm, Ql, Xom, Ql, Xu, Xu, Xu, Xu, Xu, Xu, Xoa, Xoa, Xoa, Xoa, Uu^Ebn, Xoa, Ur^Vud, Uu^Emf, Uu^Em, Uu^Emf, Cud, Ur^Es, Urb, Cud, Cud, Ql, Ql, Ql, Ql
Xu, Xu, Xu, Xu, Xu, Xu, Ql, Ql, Ql, Uu, Ur^Edb, Xuc, Xom^Efs, Ur^Edb, Ur^Pr/, Xuc, Xuc, Xuc, Xom^Efs, Ql, Uh^Tf, Sm^Vhs, Sm^Em, Xuc, Xuc^Efs, Rb^Es, Ur, Cud, Cud, Uu, Uue^Es, Uue^Emf, Xuc, Uh^Em, Ql, Ql, Ql, Ql, Xu, Xu, Ql, Xu, Ql, Xu, Xu, Xu, Xu, Xoa, Xoa, Xoa, Ql, Cud, Cud, Ur^Es, Urb, Urb, Cud, Ql, Ql, Ql, Ql, Ql
Xu, Xu, Xu, Xu, Xu, Xu, Xu, Ql, Xuc, Xuc, Xom^Efs, Ur^Pr/, Uh^Emf, Xom, Ur^Br|, Uh^Emf, Xom^Efs, Xom^Efs, Uh^Em, Xom, Uue, Sm^Tf, Uue^Em, Xuc, Uu^Es, Rb^Es, Ur, Ur^Es, Rb^Es, Uu, Uue^Es, Xuc^Efs, Xuc, Sm^Emf, Uh^Tf, Ql, Ql, Ql, Xu, Ql, Ql, Ql, Ql, Ql, Xoi, Ql, Ql, Xu, Xu, Ql, Ql, Ql, Ql, Urb^Ebn, Ql, Urb^Vud, Ql, Ql, Ql, Ql, Ql, Ql
Xu, Xu, Xu, Xu, Xu, Xu, Xuc, Xom, Xom, Xom, Uh^Emf, Ur^Br|, Ur^Br\, Uh^Em, Ur^Br/, Uu^Emf, Uu^Em, Xom, Uh, Uue^Em, Ur^Br/, Uh^Emf, Uu^Vu, Uue^Es, Uu^Em, Uu^Vud, Rb, Ur^Es, Rb^Es, Rb, Uu^Es, Uue^Es, Sm^Es, Uue^Es, Uh^Em, Uu^Vud, Ql, Ql, Xu, Ql, Ur^Edb, Ur, Ql, Xoi, Xoi, Ql, Ql, Xu, Xu, Xu, Xu, Ql, Ql, Ql, Ql, Ql, Ql, Ql, Ql, Xu, Xu, Xu
Xu, Xu, Xu, Xu, Xu, Xu, Ql, Xuc, Xuc, Uh^Vu, Xuc, Uu^Em, Ur^Br\, Ur^Br|, Xuc, Xuc^Efs, Ur^Br/, Ur^Br\, Ur^Br/, Ur^Br/, Uue^Em, Uh, Xuc, Xom, Uu^Tf, Xom^Efs, Xom, Ur^Es, Ur, Ur, Uue^Es, Xuc, Sm^Es, Sm^Emf, Sm^Tf, Ql, Ql, Xu, Ql, Ql, Ur, Uu, Xoi, Xoi, Ql, Ql, Uu, Ql, Ql, Xu, Xu, Xu, Xu, Ql, Xu, Ql, Ql, Ql, Ql, Xu, Xu, Xu
Xu, Xu, Xu, Xu, Xu, Ql, Ql, Ql, Xuc, Uh^Tf, Ur^Br/, Ur^Br/, Uu, Ur^Br\, Ur^Br/, Ur^Br/, Ur^Br|, Xuc, Ur^Br|, Uu, Uh^Em, Uh^Emf, Uh^Tf, Xuc, Xuc, Uu^Emf, Ur^Es, Ur, Rb^Es, Uue, Uue^Em, Sm^Em, Sm^Emf, Xoi, Xoi, Ql, Xoi, Xoi, Xoi, Ql, Xoi^Efs, Uu^Pr/, Uh^Vud, Xoi^Efs, Xoi, Ur, Ur^Edb, Uu, Ql, Ql, Xu, Xu, Xu, Xu, Xu, Xu, Xu, Ql, Ql, Xu, Xu, Xu
Xu, Xu, Xu, Xu, Ql, Ql, Ql, Ql, Ur, Ur^Pr\, Xuc, Uu^Em, Xom^Efs, Uu^Es, Uu^Es, Uu^Es, Ur^Br|, Uu^Es, Ur^Br\, Uu, Xuc, Xuc, Xuc, Xuc, Xuc, Rb^Edb, Rb^Es, Ur^Es, Rb^Edb, Cud, Xoi, Xoi, Xoi^Efs, Xoi, Xoi, Xoi^Efs, Ql, Xoi^Efs, Xoi, Xoi, Sm^Es, Uu^Es, Sm^Em, Uh^Emf, Uu^Em, Uu^Pr\, Xoi, Uu^Edb, Ql, Ql, Xu, Xu, Xu, Xu, Xu, Xu, Xu, Ql, Ql, Ql, Xu, Xu
Xu, Xu, Xu, Xu, Ql, Ql, Ql, Ur, Uh^Emf, Ur, Xuc, Uh^Emf, Uh^Tf, Xom, Uh^Em, Uh^Vud, Ur^Br/, Uu^Em, Uu^Emf, Ur^Br\, Ur^Pr/, Xuc, Ql, Xuc, Xuc, Cud, Sm^Edb, Ur, Ur^Es, Rb^Edb, Xoi, Ql, Ql, Xoi, Ur^Vu, Ql, Ql, Ql, Uh^Vud, Sm, Wwf, Wwf, Xoi, Sm^Em, Xoi, Xoi, Xu, Xoi, Xu, Xu, Xu, Xu, Xu, Xu, Xu, Xu, Xu, Xu, Xu, Xu, Xu, Xu
Xu, Xu, Xu, Xu, Xu, Ql, Ql, Ql, Ql, Xuc, Xuc, Xuc, Uh^Vu, Uh^Tf, Uu^Em, Ur^Br|, Xuc, Xuc, Xuc, Xuc, Uu, Ur^Edb, Ur, Ql, Xuc, Xuc, Wwf^Em, Sm^Es, Rb, Rb^Edb, Uue^Em, Ql, Uue^Eb, Xoi, Rb, Rb^Es, Sm, Sm^Emf, Uh^Emf, Uh^Tf, Xoi, Xoi, Xu, Xoi, Xu, Xu, Xu, Xu, Xu, Xu, Xu, Xu, Xu, Xu, Xu, Xu, Xu, Xu, Xu, Xu, Xu, Xu
Xu, Xu, Xu, Xu, Xu, Xu, Ql, Ql, Ql, Ql, Xuc, Xom, Xuc, Xuc, Xuc, Ur^Pr/, Ur, Xuc, Ql, Ql, Ql, Uu^Edb, Ql, Ql, Xuc, Xuc, Wwf^Emf, Sm^Es, Sm, Rb^Edb, Ur, Uue^Emf, Ur^Es, Uu, Ur^Es, Sm^Es, Uu^Es, Sm^Bw/r, Wwf, Xoi, Xu, Xu, Qlf, Xu, Qlf, Qlf, Qlf, Xu, Xu, Xu, Xu, Xu, Xu, Xu, Xu, Xu, Xu, Xu, Xu, Xu, Xu, Xu
Xu, Xu, Xu, Xu, Xu, Xu, Xu, Ql, Ql, Ql, Xu, Xuc, Ql, Ql, Ql, Ur, Uu^Edb, Uu, Ql, Ql, Ql, Ql, Ql, Ql, Xuc, Xuc, Ql, Sm^Em, Uh^Em, Uue, Rb, Ur^Edb, Rb, Ur, Cud, Cud, Cud, Sm^Edb, Wwf^Edb, Xoi^Efs, Xoi, Qlf, Qlf, Qlf, Ur, Qlf, Qlf, Xu, Xu, Xu, Xu, Xu, Xu, Xu, Xu, Xu, Xu, Xu, Xu, Xu, Xu, Xu
Xu, Xu, Xu, Xu, Xu, Xu, Xu, Xu, Xu, Xu, Xu, Xu, Ql, Ql, Ql, Ql, Ql, Ql, Ql, Ql, Xu, Xu, Xu, Xu, Xu, Ql, Ql, Uh^Vud, Uh^Tf, Uue^Em, Uue, Rb, Sm, Rb^Es, Cud, 5 Kud, Cud, Rb^Em, Rb, Uu^Eb, Xoi, Xoi, Ur, Ur, Urb^Ii, Ur, Qlf, Qlf, Xu, Xu, Xu, Xu, Xu, Xu, Xu, Xu, Xu, Xu, Xu, Xu, Xu, Xu
Xu, Xu, Xu, Xu, Xu, Xu, Xu, Xu, Xu, Xu, Xu, Xu, Xu, Ql, Xu, Ql, Ql, Ql, Ql, Ql, Xu, Xu, Xu, Xu, Ql, Ql, Ql, Xuc, Xuc, Uh^Emf, Sm, Rb, Sm, Sm^Bw/r, Ql, Cud, Uh^Em, Rb^Emf, Sm^Em, Rb, Ur, Ur^Pr\, Xoi, Ur, Ur, Ur, Qlf, Qlf, Xu, Xu, Xu, Xu, Xu, Xu, Xu, Xu, Xu, Xu, Xu, Xu, Xu, Xu
Xu, Xu, Xu, Xu, Xu, Xu, Xu, Xu, Xu, Xu, Xu, Xu, Xu, Xu, Xu, Xu, Xu, Xu, Xu, Xu, Xu, Xu, Xu, Xu, Xu, Ql, Xuc, Xuc, Ql, Ql, Sm^Eb, Sm^Emf, Wwf^Em, Ql, Ql, Ql, Uh^Tf, Wwf^Em, Uue^Emf, Rb^Em, Xoi, Xoi, Qlf, Qlf, Qlf, Qlf, Qlf, Xu, Xu, Xu, Xu, Xu, Xu, Xu, Xu, Xu, Xu, Xu, Xu, Xu, Xu, Xu
Xu, Xu, Xu, Xu, Xu, Xu, Xu, Xu, Xu, Xu, Xu, Xu, Xu, Xu, Xu, Xu, Xu, Xu, Xu, Xu, Xu, Xu, Xu, Xu, Xu, Xu, Xu, Xuc, Ql, Ql, Ql, Ur^Vhs, Ql, Ql, Xoi, Uue^Emf, Xoi, Uh^Tf, Xoi, Uu^Vud, Xoi, Xu, Xu, Qlf, Xu, Qlf, Xu, Xu, Xu, Xu, Xu, Xu, Xu, Xu, Xu, Xu, Xu, Xu, Xu, Xu, Xu, Xu
Xu, Xu, Xu, Xu, Xu, Xu, Xu, Xu, Xu, Xu, Xu, Xu, Xu, Xu, Xu, Xu, Xu, Xu, Xu, Xu, Xu, Xu, Xu, Xu, Xu, Xu, Xu, Xu, Xu, Xu, Xu, Xu, Xu, Xu, Xu, Xoi, Xu, Xoi, Xu, Xoi, Xu, Xu, Xu, Xu, Xu, Xu, Xu, Xu, Xu, Xu, Xu, Xu, Xu, Xu, Xu, Xu, Xu, Xu, Xu, Xu, Xu, Xu
