Md, Md, Md, Md, Md^Xm, Md, Md, Md, Md, Md, Md, Md, Md^Xm, Md, Md, Md, Md^Xm, Md, Md, Md, Md^Xm, Md, Md, Md, Md, Md, Md, Md, Md, Md, Md, Md, Md, Md, Md, Md, Md^Xm, Md, Md, Md^Xm, Md^Xm, Md, Md, Md, Md, Md, Md, Xv, Xv, Xv, Xv, Xv, Xv, Xv, Xv, Xv, Xv, Xv, Xv, Xv, Xv, Xv, Xv, Xv, Xv, Xv, Xv, Xv, Xv, Xv, Xv, Xv, Xv, Xv, Xv, Xv, Xv, Xv, Xv, Xv, Xv, Xv, Xv, Xv, Xv, Xv, Xv, Xv, Xv, Xv, Xv, Xv
Md, Md, Md, Md, Md, Md^Xm, Md^Xm, Md, Mv, Md, Md, Md, Md, Md^Xm, Md^Xm, Md, Md, Md^Xm, Md^Xm, Md, Md, Md^Xm, Md^Xm, Md, Md, Md, Md, Md, Md, Md, Md, Md^Xm, Md^Xm, Md, Md, Md, Md, Md^Xm, Md^Xm, Md, Md, Md^Xm, Md, Md, Md^Xm, Md, Md, Xv, Xv, Xv, Xv, Xv, Xv, Xv, Xv, Xv, Xv, Xv, Xv, Xv, Xv, Xv, Xv, Xv, Xv, Xv, Xv, Xv, Xv, Xv, Xv, Xv, Xv, Xv, Xv, Xv, Xv, Xv, Xv, Xv, Xv, Xv, Xv, Xv, Xv, Xv, Xv, Xv, Xv, Xv, Xv, Xv
Md, Md, Md, Md^Xm, Md^Xm, Md, Hhd^Vd, Md, Md, Md, Md, Md, Hhd^Vd, Md, Md, Md, Hhd, Md, Md, Md, Md, Md, Md, Md, Md^Xm, Md^Xm, Md, Mv, Md, Hhd^Vd, Hhd, Md, Md, Md^Xm, Md, Md, Md^Xm, Md, Md, Md, Hhd^Fdw, Md, Md^Xm, Md^Xm, Md, Md, Md, Xv, Xv, Xv, Xv, Xv, Xv, Xv, Xv, Xv, Xv, Xv, Xv, Xv, Xv, Xv, Xv, Xv, Xv, Xv, Xv, Xv, Xv, Xv, Xv, Xv, Xv, Xv, Xv, Xv, Xv, Xv, Xv, Xv, Xv, Xv, Xv, Xv, Xv, Xv, Xv, Xv, Xv, Xv, Xv, Xv
Md, Md, Mv, Md, Md, Md^Xm, Md, Hhd, Hhd, Hhd, Hhd, Md, Hhd, Qlf, Qlf, Hhd, Cf, Hhd, Gd^Vd, Md, Md^Xm, Md, Md, Md^Xm, Md, Md, Md, Md, Gd, Hhd, Hhd, Hhd, Hhd^Fdw, Md, Hhd, Md, Md, Md, Hhd, Hhd^Fdw, Hhd^Fdw, Md, Md, Md, Md, Mv, Md, Xv, Xv, Xv, Xv, Xv, Xv, Xv, Xv, Xv, Xv, Xv, Xv, Xv, Xv, Xv, Xv, Xv, Xv, Xv, Xv, Xv, Xv, Xv, Xv, Xv, Xv, Xv, Xv, Xv, Xv, Xv, Xv, Xv, Xv, Xv, Xv, Xv, Xv, Xv, Xv, Xv, Xv, Xv, Xv, Xv
Md, Md, Md, Md, Hhd, Md, Gd^Fdw, Hhd, Qlf, Qlf, Qlf, Hhd, Mv, Qlf, Qlf, Cf, 8 Kf, Cf, Gd^Fdw, Md, Mv, Md^Xm, Md^Xm, Md, Hhd, Hhd, Hhd, Gd, Hhd^Fdw, Hhd, Gd, Hhd^Fdw, Hhd, Hhd^Fdw, Gd^Fdw, Hhd^Fdw, Gd, Hhd, Hhd, Hhd^Fdw, Hhd, Md, Hhd^Fdw, Hhd^Fdw, Hhd^Fdw, Md, Hhd, Xv, Xv, Xv, Xv, Xv, Xv, Xv, Xv, Xv, Xv, Xv, Xv, Xv, Xv, Xv, Xv, Xv, Xv, Xv, Xv, Xv, Xv, Xv, Xv, Xv, Xv, Xv, Xv, Xv, Xv, Xv, Xv, Xv, Xv, Xv, Xv, Xv, Xv, Xv, Xv, Xv, Xv, Xv, Xv, Xv
Md, Md, Md^Xm, Md^Xm, Md, Gd^Fdw, Hhd, Hhd, Qlf, Gll^Feth, Qlf, Md, Md, Md, Gd, Cf, Cf, Cf, Gd^Fdw, Md, Md, Md, Md, Mv, Md, Hhd, Gd^Vd, Hhd^Fdw, Hhd, Hhd, Hhd^Fdw, Hhd^Fdw, Hhd, Hhd, Hhd^Fdw, Hhd^Fdw, Hhd, Gd^Vd, 9 Kf, Hhd, Hhd, Hhd, Hhd, Hhd^Fdw, Ql, Hhd^Vd, Ql^Xo, Xv, Xv, Xv, Xv, Xv, Xv, Xv, Xv, Xv, Xv, Xv, Xv, Xv, Xv, Xv, Xv, Xv, Xv, Xv, Xv, Xv, Xv, Xv, Xv, Xv, Xv, Xv, Xv, Xv, Xv, Xv, Xv, Xv, Xv, Xv, Xv, Xv, Xv, Xv, Xv, Xv, Xv, Xv, Xv, Xv
Md, Md^Xm, Md, Md, Gd^Vd, Gd^Fdw, Md, Mv, Md, Qlf, Qlf, Hhd, Hhd, Gd^Vd, Qlf, Qlf, Qlf, Gd^Fdw, Qlf, Qlf, Ql, Hhd, Hhd, Md, Ql, Gd, Hhd, Gd^Fdw, Gd, Hhd, Hhd^Fdw, Gd^Fdw, Hhd, Gd^Vd, Hhd, Hhd, Cf, Cf, Qlf, Cf, Cf, Hhd^Fdw, Hhd^Fdw, Hhd, Ql, Ql, Ql, Ql^Xo, Xv, Xv, Xv, Xv, Xv, Xv, Xv, Xv, Xv, Xv, Xv, Xv, Xv, Xv, Xv, Xv, Xv, Xv, Xv, Xv, Xv, Xv, Xv, Xv, Xv, Xv, Xv, Xv, Xv, Xv, Xv, Xv, Xv, Xv, Xv, Xv, Xv, Xv, Xv, Xv, Xv, Xv, Xv, Xv
Md, Md, Hhd, Hhd, Qlf, Qlf, Qlf, Md, Hhd, Qlf, Qlf, Ql, Ql, Ql, Ql, Qlf, Ql, Ql, Ql, Ql, Ql, Ql, Ql, Ql, Ql, Ql, Ql, Hhd, Ql, Hhd, Hhd, Hhd, Gd, Hhd, Gd^Fdw, Gd, Cf, Qlf, Qlf, Qlf, Cf, Gd^Fdw, Ql, Ql, Ql, Ql, Ql, Ql^Xo, Ql^Xo, Xv, Xv, Xv, Xv, Xv, Xv, Xv, Xv, Xv, Xv, Xv, Xv, Xv, Xv, Xv, Xv, Xv, Xv, Xv, Xv, Xv, Xv, Xv, Xv, Xv, Xv, Xv, Xv, Xv, Xv, Xv, Xv, Xv, Xv, Xv, Xv, Xv, Xv, Xv, Xv, Xv, Xv, Xv
Md, Hhd, Ql, Ql, Ql, Qlf, Qlf, Hhd, Qlf, Qlf, Ql, Ql, Ql, Ql, Ql, Ql, Ql, Ql, Ql, Ql, Ql, Ql, Ql, Ql, Ql, Ql, Ql, Ql, Ql, Ql, Ql, Ql, Ql, Hhd^Fdw, Hhd^Fdw, Gd, Hhd, Cf, Ql, Ql, Ql, Ql, Ql, Ql, Ql, Ql, Ql, Ql, Ql^Xo, Ql^Xo, Xv, Xv, Xv, Xv, Xv, Xv, Xv, Xv, Xv, Xv, Xv, Xv, Xv, Xv, Xv, Xv, Xv, Xv, Xv, Xv, Xv, Xv, Xv, Xv, Xv, Xv, Xv, Xv, Xv, Xv, Xv, Xv, Xv, Xv, Xv, Xv, Xv, Xv, Xv, Xv, Xv, Xv
Hhd, Hhd, Ql, Ql, Ql, Qlf, Qlf, Qlf, Qlf, Qlf, Ql, Ql, Ql, Ql, Ql, Ql, Ql, Ql, Ql, Ql, Ql, Ql, Ql, Ql, Ql, Ql, Ql, Ql, Ql, Ql, Ql, Ql, Ql, Ql, Ql, Hhd, Ql, Ql, Ql, Ql, Ql, Ql, Ql, Ql, Ql, Ql, Ql, Ql, Ql^Xo, Xv, Xv, Xv, Xv, Xv, Xv, Xv, Xv, Xv, Xv, Xv, Xv, Xv, Xv, Xv, Xv, Xv, Xv, Xv, Xv, Xv, Xv, Xv, Xv, Xv, Xv, Xv, Xv, Xv, Xv, Xv, Xv, Xv, Xv, Xv, Xv, Xv, Xv, Xv, Xv, Xv, Xv, Xv
Ql, Ql, Ql, Ql, Ql, Ql, Ql, Qlf, Ql, Ql, Ql, Ql, Ql, Ql, Ql, Ql, Ql, Ql, Ql, Ql, Ql, Ql, Ql, Ql, Ql, Ql, Ql, Ql, Ql, Ql, Ql, Ql, Ql, Ql, Ql, Ql, Ql, Ql, Ql, Ql, Ql, Ql, Ql, Ql, Ql, Ql, Ql, Ql, Ql^Xo, Ql^Xo, Xv, Xv, Xv, Xv, Xv, Xv, Xv, Xv, Xv, Xv, Xv, Xv, Xv, Xv, Xv, Xv, Xv, Xv, Xv, Xv, Xv, Xv, Xv, Xv, Xv, Xv, Xv, Xv, Xv, Xv, Xv, Xv, Xv, Xv, Xv, Xv, Xv, Xv, Xv, Xv, Xv, Xv
Ql, Ql, Ql, Ql, Ql, Ql, Ql, Ql, Ql, Ql, Ql, Ql, Ql, Ql, Ql, Ql, Ql, Ql, Ql, Ql, Cf, Cf, Xoi, Xoi, Xoi, Ql, Xoi, Ql, Cf, Ql, Ql, Ql, Ql, Ql, Ql, Ql, Ql, Ql, Ql, Ql, Qlf, Qlf, Mv, Qlf, Qlf, Ql, Ql, Ql, Ql^Xo, Xv, Xv, Xv, Xv, Xv, Xv, Xv, Xv, Xv, Xv, Xv, Xv, Xv, Xv, Xv, Xv, Xv, Xv, Xv, Xv, Xv, Xv, Xv, Xv, Xv, Xv, Xv, Xv, Xv, Xv, Xv, Xv, Xv, Xv, Xv, Xv, Xv, Xv, Xv, Xv, Xv, Xv, Xv
Ql, Ql, Ql, Ql, Ql, Ql, Ql, Ql, Ql, Ql, Ql, Ql, Xoi, Ql, Cf, Xoi, Xoi, Ql, Xoi, Xoi, Cf^Ebn, Cf, Cf, Cf, Cf, Xoi, Cf, Cf, Cf, Xoi, Xoi, Ql, Xoi, Ql, Ql, Ql, Ql, Ql, Ql, Ql, Ql, Md, Md, Md, Qlf, Ql, Ql, Ql, Ql^Xo, Xv, Xv, Xv, Xv, Xv, Xv, Xv, Xv, Xv, Xv, Xv, Xv, Xv, Xv, Xv, Xv, Xv, Xv, Xv, Xv, Xv, Xv, Xv, Xv, Xv, Xv, Xv, Xv, Xv, Xv, Xv, Xv, Xv, Xv, Xv, Xv, Xv, Xv, Xv, Xv, Xv, Xv, Xv
Ql, Ql, Ql, Ql, Ql, Ql, Xoi, Ql, Cf, Xoi, Xoi, Xoi, Cf, Cf, Cf, Cf, Cf, Xoi, Cf, Cf, Cf, Cf, Xoi, Xoi, Xoi, Cf, Cf, Cf^Ebn, Ias, Cf, Cf, Xoi, Cf, Xoi, Xoi, Cf, Cf, Xoi, Xoi, Ql, Ql, Qlf, Qlf, Ql, Ql, Ql, Ql, Ql, Ql, Ql^Xo, Xv, Xv, Xv, Xv, Xv, Xv, Xv, Xv, Xv, Xv, Xv, Xv, Xv, Xv, Xv, Xv, Xv, Xv, Xv, Xv, Xv, Xv, Xv, Xv, Xv, Xv, Xv, Xv, Xv, Xv, Xv, Xv, Xv, Xv, Xv, Xv, Xv, Xv, Xv, Xv, Xv, Xv
Ql, Ql, Ql, Ql, Ql, Xoi, Cf, Cf, Cf, Cf, Cf, Cf, Cf, Cf^Ebn, Urb, Ias, Ias, Cf, Cf, Cf, Xoi, Xoi, Ias, Ias, Ias, Xoi, Xoi, Ias, Ias, Ias, Ur, Cf, Ias, Cf, Cf, Cf, Cf^Ebn, Cf, Xoi, Ql, Ql, Ql, Ql, Ql, Ql, Ql, Ql, Ql, Ql, Ql^Xo, Xv, Xv, Xv, Xv, Xv, Xv, Xv, Xv, Xv, Xv, Xv, Xv, Xv, Xv, Xv, Xv, Xv, Xv, Xv, Xv, Xv, Xv, Xv, Xv, Xv, Xv, Xv, Xv, Xv, Xv, Xv, Xv, Xv, Xv, Xv, Xv, Xv, Xv, Xv, Xv, Xv, Xv
Ql, Ql, Ql, Ql, Ql, Xoi, Cf, Cf, Ias, Cf, Cf, Cf, Ias, Ias, Ias, Ias, Urb, Ias, Urb, Ur, Xoi, Ias, Cf, Cf, Cf, Ias, Xoi, Urb, Ur, Ias, Ias, Ias, Urb, Ias, Urb, Ias, Ur, Cf, Cf, Xoi, Ql, Ql, Ql, Ql, Ql, Ql, Ql, Ql, Ql, Ql^Xo, Ql^Xo, Xv, Xv, Xv, Xv, Xv, Xv, Xv, Xv, Xv, Xv, Xv, Xv, Xv, Xv, Xv, Xv, Xv, Xv, Xv, Xv, Xv, Xv, Xv, Xv, Xv, Xv, Xv, Xv, Xv, Xv, Xv, Xv, Xv, Xv, Xv, Xv, Xv, Xv, Xv, Xv, Xv
Ql, Ql, Ql, Ql, Ql, Xoi, Cf, Urb, Rp, Ias, Ur, Ias, Rp, Ias, Ias, Urb, Ias, Ias, Ias, Urb, Xoi, Ias, Cf, Cf^Ebn, Cf, Ias, Xoi, Ias, Ias, Ias, Ias, Ur, Ias, Ias, Ur, Ias, Ur, Ur, Cf, Xoi, Ql, Ql, Ql, Ql, Ql, Ql, Ql, Ql, Ql, Ql, Ql^Xo, Xv, Xv, Xv, Xv, Xv, Xv, Xv, Xv, Xv, Xv, Xv, Xv, Xv, Xv, Xv, Xv, Xv, Xv, Xv, Xv, Xv, Xv, Xv, Xv, Xv, Xv, Xv, Xv, Xv, Xv, Xv, Xv, Xv, Xv, Xv, Xv, Xv, Xv, Xv, Xv, Xv
Ql, Ql, Ql, Ql, Ql, Xoi, Cf^Ebn, Ur, Ias, Ias, Rp, Ur, Ias, Rp, Urb, Urb, Ur, Ias, Ur, Ias, Xoi, Ias, Ias, Cf, Ias, Ias, Xoi, Urb, Ias, Ias, Ias, Ias, Ur, Ias, Ur, Ur, Ias, Ur, Cf, Xoi, Ql, Ql, Ql, Ql, Ql, Ql, Ql, Ql, Ql, Ql^Xo, Xv, Xv, Xv, Xv, Xv, Xv, Xv, Xv, Xv, Xv, Xv, Xv, Xv, Xv, Xv, Xv, Xv, Xv, Xv, Xv, Xv, Xv, Xv, Xv, Xv, Xv, Xv, Xv, Xv, Xv, Xv, Xv, Xv, Xv, Xv, Xv, Xv, Xv, Xv, Xv, Xv, Xv
Ql, Ql, Ql, Ql, Ql, Cf, Cf, Cf, Ias, Urb, Urb, Ias, Ur, Ur, Ias, Ias, Ias, Ias, Ias, Rp, Ias, Xoi, Xoi, Ias, Xoi, Xoi, Urb, Ias, Rp, Ias, Ias, Ias, Ias, Urb, Ias, Ias, Ias, Ias, Cf, Cf, Ql, Ql, Ql, Ql, Ql, Ql, Ql, Ql, Ql, Ql^Xo, Xv, Xv, Xv, Xv, Xv, Xv, Xv, Xv, Xv, Xv, Xv, Xv, Xv, Xv, Xu, Xu, Xu, Xv, Xv, Xv, Xv, Xv, Xv, Xv, Xv, Xv, Xu, Xu, Xu, Xv, Xv, Xv, Xu, Xv, Xv, Xv, Xv, Xv, Xv, Xv, Xv, Xv
Ql, Ql, Ql, Ql, Ql, Cf, Xoi, Cf, Ias, Ias, Ias, Ias, Ias, Urb, Rp, Urb, Ias, Urb, Urb, Urb, Ias, Ur, Ias, Xoi, Ur, Ias, Ias, Ias, Ias, Ias, Ur, Ias, Ias, Ias, Ias, Ur, Urb, Ias, Cf, Cf, Xoi, Ql, Ql, Ql, Ql, Ql, Ql, Ql, Ql^Xo, Ql^Xo, Xv, Xv, Xv, Xv, Xv, Xv, Xv, Xv, Xv, Xv, Xu, Xv, Xu, Xu, Xu, Xu, Xu, Xu, Xu, Xv, Xv, Xv, Xu, Xv, Xu, Xu, Xu, Xu, Xu, Xu, Xu, Xu, Xu, Xu, Xu, Xv, Xv, Xv, Xv, Xv, Xv, Xv
Ql, Ql, Ql, Ql, Ql, Ql, Xoi, Cf, Cf, Urb, Ias, Ias, Ias, Rp, Ias, Ias, Ias, Ias, Ur, Ias, Ias, Ias, Ias, Ias, Ias, Ias, Urb, Urb, Urb, Ias, Rp, Ias, Ias, Ias, Ias, Ias, Urb, Rp, Cf^Ebn, Cf, Xoi, Ql, Ql, Ql, Ql, Ql, Ql, Ql, Ql^Xo, Xv, Xv, Xv, Xv, Xv, Xv, Xv, Xv, Xv, Xu, Xu, Xu, Xu, Xu, Xu, Xu, Xu, Xu, Xu, Xu, Xu, Xu, Xu, Xu, Xu, Xu, Xu, Xu, Xu, Xu, Xu, Xu, Xu, Xu, Xu, Xu, Xu, Xu, Xv, Xv, Xv, Xv, Xv
Ql, Ql, Ql, Ql, Ql, Ql, Ql, Xoi, Cf, Cf^Ebn, Ias, Urb, Ur, Ias, Ias, Ias, Ias, Ur, Ias, Ias, Ias, Urb, Ias, Ias, Ias, Ias, Rp, Ias, Ias, Ias, Ias, Ias, Ias, Ias, Ur, Ias, Urb, Cf, Cf, Cf, Xoi, Ql, Ql, Ql, Ql, Ql, Ql, Ql, Ql^Xo, Xv, Xv, Xv, Xv, Xv, Xv, Xv, Xv, Xv, Xu, Xu, Xu, Xu, Xu, Xu, Xu, Xu, Xu, Xu, Xu, Xu, Xu, Xu, Xu, Xu, Xu, Xu, Xu, Xu, Xu, Xu, Xu, Xu, Xu, Xu, Xu, Xu, Xu, Xv, Xv, Xv, Xv, Xv
Ql, Ql, Qlf, Ql, Qlf, Ql, Ql, Xoi, Xoi, Cf, Ias, Ias, Ias, Urb, Ias, Ur, Ias, Ur, Rp, Urb, Ias, Ias, Ias, Urb, Ias, Ias, Urb, Urb, Ias, Ias, Ias, Ur, Urb, Ias, Urb, Rp, Ur, Cf, Cf, Xoi, Ql, Ql, Ql, Ql, Ql, Ql, Ql, Ql, Ql^Xo, Xv, Xv, Xv, Xv, Xv, Xv, Xv, Xv, Xv, Xu, Xu, Xu, Xu, Xu, Xu, Xu, Xu, Xu, Xu, Xu, Xu, Xu, Xu, Xu, Xu, Xu, Xu, Xu, Xu, Xu, Xu, Xu, Xu, Xu, Xu, Xu, Xu, Xu, Xv, Xv, Xv, Xv, Xv
Ql, Qlf, Md, Mv, Md, Qlf, Ql, Ql, Xoi, Cf, Cf, Ias, Urb, Urb, Ur, Urb, Ias, Ias, Rp, Ias, Ias, Urb, Urb, Ias, Ur, Ias, Urb, Ias, Ias, Urb, Ias, Ias, Ias, Ias, Rp, Ias, Ur, Cf, Cf, Xoi, Cf, Ql, Ql, Ql, Ql, Ql, Ql, Ql, Ql^Xo, Xv, Xv, Xv, Xv, Xv, Xv, Xv, Xv, Xv, Xu, Xu, Xu, Xu, Xu, Xu, Xu, Xu, Xu, Xu, Xu, Xu, Xu, Xu, Ql, Ql, Ql, Xu, Xu, Xu, Xu, Xu, Xu, Xu, Xu, Xu, Xu, Xu, Xu, Xv, Xv, Xv, Xv, Xv
Ql, Qlf, Ql, Md, Qlf, Ql, Ql, Ql, Ql, Xoi, Cf, Cf, Ias, Urb, Ias, Ias, Rp, Ias, Ias, Urb, Ias, Ias, Urb, Ur, Ias, Ias, Ias, Urb, Urb, Urb, Urb, Ias, Urb, Ur, Ur, Ias, Urb, Cf, Cf, Cf^Ebn, Cf, Ql, Ql, Ql, Ql, Ql, Ql, Ql^Xo, Xv, Xv, Xv, Xv, Xv, Xv, Xv, Xv, Xu, Xu, Xu, Xu, Xu, Xu, Xu, Xu, Xu, Xu, Xu, Xu, Xu, Xu, Tb^Tf, Uhe, Uue, Cud, Re, Uhe, Tb^Tf, Xu, Xu, Xu, Xu, Xu, Xu, Xu, Xu, Xu, Xu, Xu, Xv, Xv, Xv, Xv
Ql, Ql, Ql, Qlf, Ql, Ql, Ql, Ql, Ql, Xoi, Xoi, Cf, Cf, Ias, Ias, Ur, Ias, Ias, Ias, Ur, Ias, Ias, Rp, Ias, Urb, Ias, Ur, Ias, Urb, Ur, Urb, Ias, Ias, Urb, Ias, Ias, Ias, Ias, Cf, Cf, Xoi, Ql, Ql, Ql, Ql, Ql, Ql, Ql^Xo, Xv, Xv, Xv, Xv, Xv, Xv, Xv, Xv, Xu, Xu, Xu, Xu, Xu, Xu, Xu, Xu, Xu, Xu, Wo, Xu, Uhe, Xu, Rb, Rb, Rb, Rb, Re, Re, Re, Uue, Xu, Xu, Xu, Xu, Uue, Xu, Xu, Xu, Xu, Xu, Xu, Xv, Xv, Xv
Ql, Ql, Ql, Ql, Ql, Ql, Ql, Ql, Ql, Ql, Ql, Xoi, Cf, Cf^Ebn, Cf, Ias, Cf, Cf, Cf, Ias, Ias, Ias, Cf, Cf, Cf, Urb, Ur, Urb, Ias, Ias, Ur, Ias, Ur, Rp, Ur, Ias, Ias, Cf, Cf, Cf, Xoi, Ql, Ql, Ql, Ql, Ql, Ql, Ql^Xo, Xv, Xv, Xv, Xv, Xv, Xv, Xv, Xu, Xu, Xu, Xu, Xu, Xu, Xu, Uhe, Xu, Uhe, Wo, Wo, Sm, Sm^Vhs, Uue, Re, Re, Re, Re, Uhe, Rb, Rb, Re, Rb, Xu, Wo, Uhe, Uue^Vu, Ias, Xu, Xu, Xu, Xu, Xu, Xu, Xv, Xv
Ql, Ql, Ql, Ql, Md, Ql, Ql, Ql, Ql, Ql, Ql, Ql, Ql, Cf, Xoi, Cf, Cf, Cf, Cf, Cf, Cf, Cf, Cf, Cf, Cf, Cf, Cf, Cf, Cf, Urb, Ias, Ias, Cf, Urb, Ias, Rp, Cf, Cf, Cf, Xoi, Ql, Ql, Ql, Ql, Ql, Ql, Ql, Ql^Xo, Xv, Xv, Xv, Xv, Xv, Xv, Xv, Xu, Xu, Xu, Ias, Ias, Ias, Ias, Uue, Uue^Vu, Wwf, Wwf, Rb, Rb, Rb, Rb, Rb, Rb, Uhe, Uue, Uue, Uhe, Ias, Rb, Rb, Wo, Wo, Wo, Wwf, Ias, Ias, Xu, Xu, Xu, Xu, Xu, Xv, Xv
Ql, Ql, Md, Hhd^Fdw, Hhd^Fdw, Hhd^Vd, Ql, Ql, Ql, Ql, Ql, Ql, Ql, Ql, Ql, Xoi, Xoi, Xoi, Xoi, Cf, Xoi, Cf, Cf^Ebn, Xoi, Cf^Ebn, Cf, Xoi, Cf, Cf, Cf, Cf, Cf, Cf^Ebn, Cf, Cf, Cf, Xoi, Cf, Ql, Ql, Ql, Ql, Ql, Ql, Ql, Ql, Ql, Ql^Xo, Xv, Xv, Xv, Xv, Xv, Xv, Xv, Xu, Xu, Xu, Xu, Uh, Cud, Uue, Cud, Wwf, Wwf, Wwf, Sm, Ias, Wwf, Ias, Ias, Ias, Rb, Rb, Wwf, Ias, Uhe, Rb, Wwf, Wwf, Uue, Wwf, Cud, Cud, Cud, Xu, Uh, Xu, Xu, Xu, Xv, Xv
Ql, Ql, Md, Mv, Md, Ql, Ql, Ql, Ql, Ql, Ql, Ql, Ql, Ql, Ql, Ql, Ql, Ql, Ql, Xoi, Ql, Cf, Cf, Xoi, Cf, Cf, Ql, Xoi, Xoi, Xoi, Xoi, Cf, Cf, Cf, Xoi, Xoi, Ql, Ql, Ql, Ql, Ql, Ql, Ql, Ql, Ql, Ql, Ql, Ql^Xo, Ql^Xo, Xv, Xv, Xv, Xv, Xv, Xv, Xu, Xu, Xu, Xu, Xu, Cud, Kud, Cud, Ias, Ias, Ww, Ias, Cud, Wwf, Wwf, Wwf, Wwf, Wwf, Wwf, Wwf, Wwf, Wwf, Sm^Vhs, Sm, Ias, Ias, Rb, Ias, Kud, Cud, Uh, Ias, Xu, Xu, Xu, Xv, Xv
Ql, Ql, Ql, Md, Gd^Fdw, Hhd^Fdw, Hhd, Md, Md, Ql, Ql, Ql, Ql, Ql, Ql, Ql, Ql, Ql, Ql, Ql, Ql, Qlf, Qlf^Bsb|, Qlf^Bsb|, Qlf^Bsb|, Ql, Ql, Ql, Ql, Ql, Ql, Xoi, Ql, Ql, Ql, Ql, Ql, Ql, Ql, Ql, Ql, Ql, Ql, Ql, Ql, Ql, Ql, Ql, Ql, Ql^Xo, Xv, Xv, Xv, Xv, Xv, Xu, Xu, Xu, Xu, Xu, Re, Rb, Rb, Rb, Rb, Rb, Rb, Uue, Uhe, Rb, Sm, Wwf, Uhe, Wwf, Uue^Tf, Uue^Tf, Re, Rb, Rb, Rb, Re, Ias, Sm, Ias, Ias, Ias, Xu, Xu, Xu, Xu, Xv, Xv
Ql, Ql, Ql, Md, Hhd, Qlf, Md, Mv, Md, Ql, Ql, Ql, Ql, Ql, Ql, Ql, Ql, Ql, Ql, Ql, Xoi, Xoi, Ur, Qlf^Bsb|, Ur, Xoi, Xoi, Ql, Ql, Ql, Ql, Ql, Ql, Ql, Ql, Ql, Ql, Ql, Qlf, Ql, Mv, Qlf, Qlf, Ql, Ql, Ql, Ql, Ql, Ql^Xo, Ql^Xo, Xv, Xv, Xv, Xv, Xv, Xv, Xu, Xu, Xu, Xu, Re, Uue^Tf, Rb, Rb, Re, Re, Re, Rb, Re, Sm, Uue, Uhe, Uhe, Cud, Uhe, Re, Rb, Re, Re, Re, Uhe, Re, Rb, Sm, Ias, Xu, Xu, Xu, Xu, Xu, Xv, Xv
Ql, Ql, Ql, Md, Md, Qlf, Qlf, Md, Hhd^Vd, Hhd^Fdw, Ql, Ql, Ql, Ql, Ql, Ql, Ql, Ql, Ql, Ql, Xoi, Ur^Vd, Ur, Ur, Ur, Qlf^Bh\, Ur, Xoi, Xoi, Ql, Ql, Ql, Ql, Ql, Ql, Ql, Ql, Ql, Qlf, Md, Md, Md, Qlf, Ql, Ql, Ql, Ql, Ql, Ql^Xo, Xv, Xv, Xv, Xv, Xv, Xv, Xv, Xv, Xu, Xu, Xu, Uue, Re, Re, Uue, Uhe, Re, Rb, Re, Rb, Re, Re, Re, Re, Rb, Rb, Rb, Sm, Rb, Rb, Rb, Rb, Rb, Ias, Ias, Ql, Xu, Xu, Xu, Xu, Xv, Xv, Xv
Ql, Ql, Ql, Ql, Md, Qlf, Qlf, Qlf, Md, Ql, Ql, Ql, Ql, Hhd, Hhd^Vd, Ql, Ql, Ql, Ql, Ql, Ql, Xoi, Ql, Ql, Ql, Qlf^Bh\, Ur, Ur, Xoi, Ql, Ql, Ql, Ql, Ql, Ql, Ql, Ql, Ql, Ql, Qlf, Ql, Ql, Ql, Ql, Ql, Ql, Ql, Ql, Ql^Xo, Xv, Xv, Xv, Xv, Xv, Xv, Xv, Xv, Xu, Xu, Xu, Xu, Uhe, Uhe, Uue, Rb, Uhe^Vu, Rb, Rb, Uhe, Rb, Uhe, Rb, Wwf, Wwf, Wwf, Wwf, Uhe, Sm, Ias, Ias, Wwf, Uue, Uue^Vud, Uh, Ql, Xu, Xu, Xu, Xv, Xv, Xv, Xv
Ql, Ql, Ql, Ql, Ql, Md, Ql, Md, Ql, Ql, Ql, Ql, Md, Mv, Md, Ql, Ql, Ql, Ql, Ql, Xoi, Ql, Ql, Ql, Ql^Bsb/, Ql^Bsb/, Ql^Bsb/, Ur, Ql, Ql, Ql, Ql, Ql, Ql, Ql, Ql, Ql, Ql, Ql, Ql, Ql, Ql, Ql, Ql, Ql, Ql, Ql, Ql, Ql, Ql^Xo, Xv, Xv, Xv, Xv, Xv, Xv, Xv, Xu, Xu, Xu, Xu, Xu, Wwf, Rb, Wo, Rb, Rb, Uhe, Uue^Tf, Ias, Ias, Ias, Wo^Bw\, Wo, Ias, Uue, Uue^Tf, Ias, Rb, Wo, Wo, Wwf, Wwf, Xu, Xu, Xu, Xu, Xu, Xv, Xv, Xv, Xv
Ql, Ql, Ql, Ql, Ql, Ql, Ql, Ql, Ql, Ql, Ql, Ql, Hhd, Md, Ql, Ql, Ql, Ql, Ql, Xoi, Ur^Vd, Ur, Ur, Ur, Ur, Ql^Bsb/, Ql, Ql, Ql, Ql, Ql, Ql, Ql, Ql, Ql, Ql, Mv, Ql, Hhd, Md, Hhd^Vd, Ql, Hhd, Ql, Ql, Ql, Ql, Ql, Ql^Xo, Ql^Xo, Xv, Xv, Xv, Xv, Xv, Xv, Xu, Xu, Xu, Xu, Ql, Xu, Uu^Vud, Wwf, Wwf, Wo, Ias, Ias, Uhe, Uue, Wwf, Wo, Wwf, Ias, Uhe, Ias, Uhe, Uhe, Rb, Rb, Rb, Rb, Uhe, Xu, Xu, Xu, Xu, Xv, Xv, Xv, Xv, Xv
Ql, Ql, Ql, Ql, Ql, Ql, Ql, Ql, Cf, Cf, 6 Kf, Cf, Cf, Hhd, Ql, Ql, Ql, Ql, Ql, Xoi, Ql, Ur, Ql, Ur, Ur, Ur, Ur, Xoi, Xoi, Ql, Ql, Ql, Ql, Ql, Md, Md, Md, Md, Hhd^Fdw, Md, Md, Mv, Md, Hhd^Fdw, Ql, Ql, Ql, Ql, Ql^Xo, Xv, Xv, Xv, Xv, Xv, Xv, Xu, Xu, Xu, Xu, Xu, Ql, Uhe, Ias, Uue, Rb, Ias, Rb, Sm, Sm, Wwf, Rb, Wwf, Re, Rb, Re, Rb, Rb, Rb, Rb, Uhe^Vu, Uhe, Uue, Re, Uhe, Uue, Xu, Xu, Xv, Xv, Xv, Xv, Xv
Ql, Ql, Ql, Ql, Ql, Ql, Ql, Ql, Cf, Cf, Qlf, Cf, Cf, Ql, Ql, Ql, Ql, Xoi, Xoi, Ql, Ql, Ql, Ql, Ql, Ql, Ql, Ql, Ur^Vd, Xoi, Ql, Ql, Ql, Ql, Hhd^Fdw, Hhd^Fdw, Hhd^Vd, Ql, Hhd^Fdw, Ql, Ql, Ql, Md, Ql, Hhd^Fdw, Ql, Ql, Ql, Ql, Ql^Xo, Xv, Xv, Xv, Xv, Xv, Xv, Xu, Xu, Xu, Xu, Xu, Ias, Ias, Rb, Rb, Uhe, Rb, Re, Rb, Rb, Rb, Uhe, Rb, Uhe, Re, Uue, Re, Re, Re, Re, Re, Re, Uue, Rb, Re, Re, Xu, Xu, Xv, Xv, Xv, Xv, Xv
Ql, Ql, Ql, Ql, Ql, Ql, Hhd, Hhd, Cf, Qlf, Qlf, Qlf, Cf, Gd^Fdw, Ql, Ql, Ql, Xoi, Ql, Ql, Ql, Ur, Ur, Ql, Ql, Ql, Ql, Xoi, Ql, Ql, Ql, Ql, Ql, Ql, Ql, Ql, Ql, Ql, Ql, Ql, Ql, Ql, Ql, Ql, Ql, Ql, Ql, Ql, Ql^Xo, Xv, Xv, Xv, Xv, Xv, Xv, Xu, Xu, Xu, Xu, Xu, Ias, Sm, Sm, Re, Re, Re, Rb, Re, Re, Re, Uue^Tf, Cud, Uhe, Uhe, Sm, Sm, Uhe, Rb, Rb, Re, Rb, Rb, Rb, Uue^Tf, Re, Xu, Xu, Xv, Xv, Xv, Xv, Xv
Ql, Ql, Ql, Ql, Ql, Ql, Hhd, Gd^Vd, Hhd, Qlf, Qlf, Qlf, Gd, Gd^Fdw, Hhd, Ql, Ql, Ql, Ql, Ql, Ql, Ql, Ql, Ql, Ql, Ql, Ql, Ql, Ql, Ql, Ql, Ql, Ql, Ql, Ql, Ql, Ql, Ql, Ql, Ql, Ql, Ql, Ql, Ql, Ql, Ql, Ql, Ql, Ql^Xo, Xv, Xv, Xv, Xv, Xv, Xv, Xu, Xu, Xu, Ias, Ias, Cud, Ias, Ias, Ias, Ias, Rb, Sm, Rb, Wwf, Uue^Tf, Wwf, Wwf, Wwf, Wwf, Wwf, Rb, Wwf, Uu, Ias, Rb, Ias, Rb, Cud, Rb, Cud, Xu, Xu, Xu, Xu, Xv, Xv, Xv
Ql, Ql, Ql, Ql, Ql, Ql, Md, Mv, Md, Hhd, Gd^Fdw, Gd^Fdw, Mv, Hhd, Hhd^Vd, Ql, Ql, Ql, Ql, Ql, Ur, Ql, Ql, Ql, Ur, Xoi, Xoi, Ql, Ql, Ql, Ql, Ql, Ql, Ql, Ql, Ql, Ql, Ql, Ql, Ql, Ql, Ql, Ql, Ql, Ql, Ql, Ql^Xo, Ql^Xo, Xv, Xv, Xv, Xv, Xv, Xv, Xv, Xv, Xu, Xu, Uhe, Uhe, Cud, Kud, Cud, Rb, Uue, Ias, Wwf, Sm^Vhs, Uhe, Wwf, Wwf, Wwf, Rb, Wwf, Ias, Wwf, Wwf, Cud, Sm, Ww, Wwf, Ias, Cud, Kud, Cud, Xu, Xu, Xu, Xu, Xv, Xv, Xv
Ql, Ql, Ql, Ql, Ql, Ql, Ql, Md, Ql, Gd, Hhd, Md, Md, Md, Ql, Ql, Ql, Xoi, Ur, Ur, Ur, Ur, Ur, Ur, Ur, Ur^Vd, Xoi, Ql, Ql, Ql, Ql, Ql, Ql, Ql, Gd^Fdw, Ql, Ql, Ql, Md, Mv, Md, Ql, Ql, Ql, Ql, Ql, Ql^Xo, Xv, Xv, Xv, Xv, Xv, Xv, Xv, Xv, Xv, Xu, Xu, Xu, Xu, Ias, Cud, Wwf, Wwf, Wo, Wwf, Rb, Uue, Ias, Ias, Uue, Rb, Uhe, Ias, Rb, Ias, Rb, Ias, Rb, Wwf, Wwf, Wwf, Uue, Uue, Ias, Uh, Ias, Xu, Xu, Xu, Xv, Xv
Ql, Ql, Ql, Ql, Ql, Ql, Ql, Ql, Ql, Ql, Ql, Ql, Ql, Ql, Ql, Ql, Ql, Xoi, Ur, Ur, Ql^Bsb|, Ql, Ql, Ql^Bsb|, Ql^Bsb|, Ur, Xoi, Ql, Ql, Ql, Ql, Ql, Ql, Hhd, Hhd, Gd^Fdw, Cf, Cf, Cf, Md, Hhd, Hhd^Vd, Ql, Ql, Ql, Ql, Ql^Xo, Xv, Xv, Xv, Xv, Xv, Xv, Xv, Xv, Xv, Xu, Xu, Xu, Xu, Xu, Ias, Uue^Vu, Wo, Wo, Wo, Rb, Rb, Rb, Uhe, Uhe, Uue, Re, Rb, Re, Rb, Sm^Vhs, Rb, Wo, Wwf, Uhe, Uue^Vu, Uhe, Ias, Xu, Ias, Xu, Xu, Xu, Xu, Xv, Xv
Ql, Ql, Ql, Ql, Ql, Ql, Ql, Ql, Ql, Ql, Ql, Ql, Ql, Ql, Ql, Ql, Ql, Xoi, Xoi, Ql^Bsb|, Ql^Bsb|, Ql, Ql, Ql^Bsb|, Ql^Bsb|, Ql, Ql, Ql, Ql, Ql, Ql, Ql, Md, Mv, Md, Gd^Vd, Cf, 7 Kf, Cf, Qlf, Md, Md, Ql, Ql, Ql, Ql, Ql, Ql^Xo, Xv, Xv, Xv, Xv, Xv, Xv, Xv, Xv, Xv, Xu, Xu, Xu, Xu, Ias, Uue, Uhe, Xu, Xu, Xu, Re, Re, Rb, Re, Re, Rb, Re, Rb, Uue, Uhe, Sm, Wo, Wo, Xu, Xu, Xu, Xu, Xu, Xu, Xu, Xu, Xu, Xu, Xv, Xv
Ql, Ql, Ql, Ql, Ql, Ql, Ql, Ql, Ql, Ql, Ql, Ql, Ql, Ql, Ql, Ql, Ql, Ql, Ql, Ql^Bsb|, Ql^Bsb|, Ql, Ur, Ql^Bsb|, Ur, Ql, Xoi, Ql, Ql, Ql, Ql, Ql, Ql, Md, Ql, Hhd, Hhd, Cf, Qlf, Qlf, Md, Mv, Md, Ql, Ql, Ql, Ql, Ql^Xo, Ql^Xo, Xv, Xv, Xv, Xv, Xv, Xv, Xv, Xv, Xv, Xu, Xu, Xu, Xu, Xu, Xu, Xu, Xu, Xu, Uue, Tb^Tf, Re, Re, Rb, Uue, Rb, Tb^Tf, Xu, Xu, Xu, Xu, Xu, Xu, Xu, Xu, Xu, Xu, Xu, Xu, Xu, Xu, Xv, Xv, Xv
Ql, Ql, Ql, Ql, Hhd, Gd^Fdw, Hhd^Fdw, Ql, Ql, Ql, Ql, Ql, Ql, Ql, Ql, Ql, Ql, Ql, Xoi, Ur, Ur, Ur, Ur, Ur, Ur, Ur, Xoi, Ql, Ql, Ql, Ql, Ql, Ql, Ql, Ql, Ql, Hhd, Qlf, Md^Xm, Md, Hhd^Fdw, Md, Hhd^Vd, Ql, Ql, Ql, Ql, Ql, Ql^Xo, Xv, Xv, Xv, Xv, Xv, Xv, Xv, Xv, Xv, Xu, Xu, Xu, Xu, Xu, Xu, Xu, Xu, Xu, Xu, Xu, Uhe, Ql, Cud, Ql, Uhe, Xu, Xu, Xu, Xu, Xu, Xu, Xu, Xu, Xu, Xu, Xu, Xu, Xu, Xu, Xu, Xv, Xv, Xv
Ql, Ql, Ql, Ql, Md, Hhd^Fdw, Mv, Ql, Ql, Ql, Hhd, Ql, Ql, Ql, Ql, Ql, Ql, Xoi, Ur^Vd, Ur, Ql, Ql, Ql, Ql, Ql, Xoi, Xoi, Xoi, Ql, Ql, Ql, Ql, Ql, Ql, Ql, Ql, Ql, Md, Md, Md, Ql, Hhd^Fdw, Ql, Ql, Ql, Ql, Ql, Ql, Ql, Ql^Xo, Xv, Xv, Xv, Xv, Xv, Xv, Xv, Xv, Xu, Xu, Xu, Xu, Xu, Xu, Xu, Xu, Xu, Xu, Xu, Xu, Xu, Ql, Xu, Xu, Xu, Xu, Xu, Xu, Xu, Xu, Xu, Xu, Xu, Xu, Xu, Xu, Xu, Xu, Xv, Xv, Xv, Xv
Ql, Ql, Ql, Ql, Ql, Md, Md, Md, Hhd^Fdw, Md, Md, Md, Hhd^Fdw, Ql, Hhd^Vd, Ql, Ql, Xoi, Ur, Ur, Ql, Ql, Ql, Ql, Ql, Ql, Ql, Ql, Ql, Ql, Ql, Ql, Ql, Ql, Ql, Ql, Ql, Ql, Ql, Ql, Ql, Ql, Ql, Ql, Ql, Ql, Ql, Ql, Ql, Ql^Xo, Xv, Xv, Xv, Xv, Xv, Xv, Xv, Xv, Xu, Xu, Xu, Xu, Xu, Xu, Xu, Xu, Xu, Xu, Xu, Xu, Xu, Xu, Xu, Xu, Xu, Xu, Xu, Xu, Xu, Xu, Xu, Xu, Xu, Xu, Xu, Xu, Xu, Xu, Xv, Xv, Xv, Xv
Ql, Ql, Ql, Ql, Ql, Hhd, Hhd^Vd, Hhd^Fdw, Mv, Md, Md, Hhd^Fdw, Md, Mv, Md, Ql, Ql, Ql, Ql, Ql, Ql, Ql, Ur, Ur, Ql, Ql, Ql, Xoi, Xoi, Ql, Ql, Ql, Ql, Ql, Ql, Ql, Ql, Ql, Ql, Ql, Ql, Ql, Ql, Ql, Ql, Ql, Ql, Ql, Ql, Ql^Xo, Xv, Xv, Xv, Xv, Xv, Xv, Xv, Xv, Xu, Xu, Xu, Xu, Xu, Xu, Xu, Xu, Xu, Xu, Xu, Xu, Xu, Xu, Xu, Xu, Xu, Xu, Xu, Xu, Xu, Xu, Xu, Xu, Xu, Xu, Xu, Xu, Xu, Xv, Xv, Xv, Xv, Xv
Ql, Ql, Ql, Ql, Ql, Ql, Ql, Md, Md, Md, Hhd, Hhd^Fdw, Ql, Md, Ql, Ql, Ql, Xoi, Ql, Ql, Ql, Ur, Ql, Ur, Ql, Ql, Ur, Ur, Xoi, Ql, Ql, Ql, Ql, Ql, Ql, Ql, Ql, Ql, Ql, Ql, Ql, Ql, Md^Xm, Ql, Ql, Ql, Ql, Ql, Ql^Xo, Ql^Xo, Xv, Xv, Xv, Xv, Xv, Xv, Xv, Xv, Xv, Xu, Xu, Xu, Xu, Xu, Xu, Xu, Xv, Xu, Xu, Xu, Xu, Xu, Xv, Xv, Xv, Xu, Xu, Xu, Xv, Xv, Xv, Xu, Xu, Xu, Xu, Xu, Xv, Xv, Xv, Xv, Xv, Xv
Ql, Ql, Ql, Ql, Ql, Ql, Ql, Ql, Ql, Ql, Ql, Ql, Ql, Ql, Ql, Ql, Ql, Ql, Xoi, Ql, Ql, Ql, Ql, Ql, Ql, Ql, Ur, Ur, Ql, Ql, Ql, Ql, Ql, Ql, Ql, Ql, Hhd^Fdw, Ql, Md, Ql, Ql, Md, Md, Md, Ql, Ql, Ql, Ql, Ql^Xo, Xv, Xv, Xv, Xv, Xv, Xv, Xv, Xv, Xv, Xv, Xv, Xv, Xu, Xu, Xu, Xv, Xv, Xv, Xv, Xv, Xu, Xv, Xv, Xv, Xv, Xv, Xv, Xv, Xv, Xv, Xv, Xv, Xv, Xv, Xu, Xv, Xv, Xv, Xv, Xv, Xv, Xv, Xv
Ql, Ql, Hhd, Ql, Mv, Ql, Ql, Ql, Ql, Ql, Ql, Ql, Ql, Ql, Ql, Ql, Ql, Ql, Ql, Xoi, Ql, Xoi, Ur^Vd, Ur, Ur, Ur, Ur, Ql, Ql, Ql, Ql, Ql, Ql, Ql, Ql, Hhd^Vd, Mv, Hhd^Fdw, Hhd, Md, Hhd^Vd, Hhd^Fdw, Hhd^Fdw, Hhd, Ql, Ql, Ql, Ql^Xo, Xv, Xv, Xv, Xv, Xv, Xv, Xv, Xv, Xv, Xv, Xv, Xv, Xv, Xv, Xv, Xv, Xv, Xv, Xv, Xv, Xv, Xv, Xv, Xv, Xv, Xv, Xv, Xv, Xv, Xv, Xv, Xv, Xv, Xv, Xv, Xv, Xv, Xv, Xv, Xv, Xv, Xv, Xv, Xv
Gll, Hhd, Chs, Md, Md, Md, Ql, Ql, Ql, Ql, Ql, Ql, Ql, Ql, Ql, Ql, Ql, Ql, Ql, Ql, Ql, Xoi, Xoi, Ur, Ql, Ur, Ql^Bsb\, Ql^Bsb\, Ql^Bsb\, Ql, Qlf, Ql, Ql, Ql, Ql, Md, Md, Md, Ql, Md, Md, Hhd^Fdw, Ql, Ql, Ql, Ql, Ql, Ql^Xo, Xv, Xv, Xv, Xv, Xv, Xv, Xv, Xv, Xv, Xv, Xv, Xv, Xv, Xv, Xv, Xv, Xv, Xv, Xv, Xv, Xv, Xv, Xv, Xv, Xv, Xv, Xv, Xv, Xv, Xv, Xv, Xv, Xv, Xv, Xv, Xv, Xv, Xv, Xv, Xv, Xv, Xv, Xv, Xv
Hhd^Fdw, Hhd^Fdw, Sm, Chs, Chs, Hhd, Sm, Ql, Ql, Ql, Ql, Ql, Xoa, Xoa, Ias, Ias, Ias, Xoa, Xoa, Ql, Ql, Ql, Ql, Ql, Ql, Ql, Ql, Ql^Bsb\, Qlf^Bsb\, Qlf^Bsb\, Qlf^Bsb\, Qlf, Ql, Ql, Ql, Ql, Ql, Ql, Ql, Ql, Ql, Ql, Ql, Ql, Ql, Ql, Ql, Ql^Xo, Ql^Xo, Xv, Xv, Xv, Xv, Xv, Xv, Xv, Xv, Xv, Xv, Xv, Xv, Xv, Xv, Xv, Xv, Xv, Xv, Xv, Xv, Xv, Xv, Xv, Xv, Xv, Xv, Xv, Xv, Xv, Xv, Xv, Xv, Xv, Xv, Xv, Xv, Xv, Xv, Xv, Xv, Xv, Xv, Xv
Hhd^Fdw, Gll^Fdw, Sm, 5 Khs, Chs, Hhd, Gll^Fdw, Sm, Gll, Hhd^Fdw, Hhd^Fdw, Xoa, Xoa, Cf, Ias, Ias, Ias, Cf, Xoa, Xoa, Md, Ql, Ql, Ql, Md, Ql, Ql, Qlf, Qlf, Qlf^Bsb\, Rb, Rb, Gll, Ql, Ql, Ql, Ql, Ql, Ql, Ql, Ql, Ql, Ql, Ql, Ql, Ql, Ql, Ql, Ql^Xo, Xv, Xv, Xv, Xv, Xv, Xv, Xv, Xv, Xv, Xv, Xv, Xv, Xv, Xv, Xv, Xv, Xv, Xv, Xv, Xv, Xv, Xv, Xv, Xv, Xv, Xv, Xv, Xv, Xv, Xv, Xv, Xv, Xv, Xv, Xv, Xv, Xv, Xv, Xv, Xv, Xv, Xv, Xv
Ss, Gll^Fdw, Chs, Chs, Ss, Sm, Hhd^Fdw, Gll^Fdw, Rb, Gd^Fdw, Gll, Gd, Hhd, Cf, Cf, 4 Kf, Cf, Cf, Md, Hhd, Hhd, Gll, Gll, Md, Hhd, Ql, Ql, Ql, Qlf, Qlf, Gd, Gll, Rb, Ql, Ql, Ql, Ql, Ql, Ql, Ql, Ql, Ql, Ql, Ql, Ql, Ql, Ql, Ql, Ql^Xo, Xv, Xv, Xv, Xv, Xv, Xv, Xv, Xv, Xv, Xv, Xv, Xv, Xv, Xv, Xv, Xv, Xv, Xv, Xv, Xv, Xv, Xv, Xv, Xv, Xv, Xv, Xv, Xv, Xv, Xv, Xv, Xv, Xv, Xv, Xv, Xv, Xv, Xv, Xv, Xv, Xv, Xv, Xv
Sm, Ss, Gll^Fdw, Ss, Gll, Gll^Fdw, Sm, Sm, Gll^Fdw, Rb, Gll, Md, Hhd, Ias, Ias, Ias, Ias, Ias, Md, Md, Gll^Fdw, Gll^Fdw, Gll^Fdw, Md, Md, Hhd, Hhd, Md, Gll, Gll, Gd, Gll^Fdw, Gll^Fdw, Rb, Rb, Ql, Xoa^Efs, Xoa, Xoa, Ql, Gll^Fdw, Ql, Gll^Fdw, Gll^Fdw, Gll^Fdw, Ql, Ql^Xo, Ql^Xo, Xv, Xv, Xv, Xv, Xv, Xv, Xv, Xv, Xv, Xv, Xv, Xv, Xv, Xv, Xv, Xv, Xv, Xv, Xv, Xv, Xv, Xv, Xv, Xv, Xv, Xv, Xv, Xv, Xv, Xv, Xv, Xv, Xv, Xv, Xv, Xv, Xv, Xv, Xv, Xv, Xv, Xv, Xv, Xv
Sm, Ss, Hhd^Fdw, Hhd^Fdw, Gll, Ss, Gll^Fdw, Ss, Gll^Fdw, Gd^Fdw, Rb, Md, Md, Hhd, Cf, Ias^Vd, Cf, Hhd, Md, Md, Hhd, Gll^Fdw, Gll^Fdw, Md, Gll^Fdw, Md, Rb, Md, Rb, Rb, Gll^Fdw, Gll^Fdw, Gll^Fdw, Gll^Fdw, Rb, Xoa, Ias, Ias, Cfr, Gd, Gll^Fdw, Gll^Fdw, Gll^Fdw, Gll^Fdw, Gll^Fdw, Gll^Fdw, Gll^Xo, Xv, Xv, Xv, Xv, Xv, Xv, Xv, Xv, Xv, Xv, Xv, Xv, Xv, Xv, Xv, Xv, Xv, Xv, Xv, Xv, Xv, Xv, Xv, Xv, Xv, Xv, Xv, Xv, Xv, Xv, Xv, Xv, Xv, Xv, Xv, Xv, Xv, Xv, Xv, Xv, Xv, Xv, Xv, Xv, Xv
Hhd^Fdw, Ss, Sm, Wwf, Wwf, Gll^Fdw, Sm, Gll, Gd, Gd, Hhd, Rb, Rb, Rb, Rb, Cf, Gd, Rb, Rb, Hhd, Gll, Gd, Rb, Rb, Rb, Gll^Fdw, Gd, Rb, Hhd, Hhd, Hhd, Gll^Fdw, Gll^Fdw, Gll^Fdw, Gll^Fdw, Gll^Fdw, Gll^Fdw, Cfr, Gll^Fdw, Gll^Fdw, Gll, Gll^Fdw, Rb, Gll^Fdw, Gll^Fdw, Gll^Fdw, Gd^Xo, Xv, Xv, Xv, Xv, Xv, Xv, Xv, Xv, Xv, Xv, Xv, Xv, Xv, Xv, Xv, Xv, Xv, Xv, Xv, Xv, Xv, Xv, Xv, Xv, Xv, Xv, Xv, Xv, Xv, Xv, Xv, Xv, Xv, Xv, Xv, Xv, Xv, Xv, Xv, Xv, Xv, Xv, Xv, Xv, Xv
Hhd^Fdw, Hhd^Fdw, Gll^Fdw, Sm, Sm, Sm, Hhd, Hhd, Hhd, Hhd, Md, Hhd, Gll^Fdw, Gll^Fdw, Gd, Gd, Gll^Fdw, Gll^Fdw, Gll^Fdw, Gd, Rb, Rb, Hhd, Hhd, Hhd^Vct, Gd, Gll, Gll^Fdw, Md, Md, Md, Gd, Gll, Gll^Fdw, Rb, Rb, Rb, Gll^Fdw, Rb, Gd, Gd, Rb, Hhd^Fdw, Rb, Hhd^Fdw, Rb, Rb^Xo, Xv, Xv, Xv, Xv, Xv, Xv, Xv, Xv, Xv, Xv, Xv, Xv, Xv, Xv, Xv, Xv, Xv, Xv, Xv, Xv, Xv, Xv, Xv, Xv, Xv, Xv, Xv, Xv, Xv, Xv, Xv, Xv, Xv, Xv, Xv, Xv, Xv, Xv, Xv, Xv, Xv, Xv, Xv, Xv, Xv
Md, Md, Md, Hhd, Hhd, Hhd, Md, Md, Md, Md, Md, Md, Md, Gll^Fdw, Gll^Fdw, Gll, Gll, Gll^Fdw, Md, Gd, Gll^Vct, Gll, Ce, Gll^Fdw, Gll^Fdw, Gll^Fdw, Rb, Md, Md^Xm, Md^Xm, Md^Xm, Md, Md, Gll, Gll^Fdw, Gll^Fdw, Gd, Rb, Hhd^Fdw, Hhd^Fdw, Gll^Fdw, Gll^Fdw, Gll^Fdw, Hhd^Fdw, Gll^Fdw, Gll^Fdw, Gll^Fdw, Gll^Xo, Xv, Xv, Xv, Xv, Xv, Xv, Xv, Xv, Xv, Xv, Xv, Xv, Xv, Xv, Xv, Xv, Xv, Xv, Xv, Xv, Xv, Xv, Xv, Xv, Xv, Xv, Xv, Xv, Xv, Xv, Xv, Xv, Xv, Xv, Xv, Xv, Xv, Xv, Xv, Xv, Xv, Xv, Xv, Xv
Md, Md, Md, Md, Md, Md^Vhh, Hhd, Md, Hhd, Md, Hhd, Md, Md, Md, Hhd, Hhd, Hhd, Md, Md, Md, Hhd, Ce, Ke, Ce, Gd^Ecf, Rb, Hhd, Hhd, Uh, Md^Xm, Xu, Md^Xm, Md^Xm, Hhd, Hhd^Fdw, Gll^Fdw, Gll^Fdw, Hhd^Fdw, Gll^Fdw, Gll^Ve, Gll^Fdw, Gll^Fdw, Gll^Fdw, Gll^Fdw, Gll^Fdw, Gll^Ve, Gll^Fdw, Gll^Xo, Gll^Xo, Xv, Xv, Xv, Xv, Xv, Xv, Xv, Xv, Xv, Xv, Xv, Xv, Xv, Xv, Xv, Xv, Xv, Xv, Xv, Xv, Xv, Xv, Xv, Xv, Xv, Xv, Xv, Xv, Xv, Xv, Xv, Xv, Xv, Xv, Xv, Xv, Xv, Xv, Xv, Xv, Xv, Xv, Xv
Md, Md, Md^Xm, Md, Md, Hhd, Cfr^Ebn, Cfr, Cf, Hhd, Md^Vhh, Hhd, Md, Hhd, Md, Md, Md, Hhd, Md^Xm, Md^Xm, Md^Xm, Ce, Ce, Ce, Uh^Vu, Ur, Uu, Uu^Vu, Co, Xu, Xu, Xu, Md^Xm, Md, Md, Gll^Fdw, Gd, Gd, Hhd^Fdw, Gll^Fdw, Cvr, Gd, Gll, Hhd^Fdw, Hhd^Fdw, Gll^Fdw, Gll^Fdw, Gll^Fdw, Gll^Xo, Xv, Xv, Xv, Xv, Xv, Xv, Xv, Xv, Xv, Xv, Xv, Xv, Xv, Xv, Xv, Xv, Xv, Xv, Xv, Xv, Xv, Xv, Xv, Xv, Xv, Xv, Xv, Xv, Xv, Xv, Xv, Xv, Xv, Xv, Xv, Xv, Xv, Xv, Xv, Xv, Xv, Xv, Xv
Md^Xm, Md^Xm, Xu, Md^Xm, Md^Xm, Hhd, Cf, Kfr, Cfr, Md, Md, Md, Md, Md, Md, Md, Md, Hhd, Md^Xm, Md^Xm, Xu, Uh, Ur, Uh, Uu^Tf, Ur, Uh, Co, 2 Ko, Co, Xu, Xu, Xu, Md^Xm, Hhd, Gll^Fdw, Gll^Fdw, Gd, Hhd^Fdw, Gll^Fdw, Cvr, Cvr, Gd, Hhd^Fdw, Gll, Gll^Fdw, Gll^Fdw, Gll^Fdw, Gll^Xo, Xv, Xv, Xv, Xv, Xv, Xv, Xv, Xv, Xv, Xv, Xv, Xv, Xv, Xv, Xv, Xv, Xv, Xv, Xv, Xv, Xv, Xv, Xv, Xv, Xv, Xv, Xv, Xv, Xv, Xv, Xv, Xv, Xv, Xv, Xv, Xv, Xv, Xv, Xv, Xv, Xv, Xv, Xv
Xu, Xu, Xu, Xu, Uh, Ur, Uu^Vud, Cfr, Xu, Md^Xm, Md^Xm, Md, Md, Md, Md, Md, Md, Md, Md^Xm, Xu, Xu, Uh, Ur, Uu, Uu^Tf, Uh, Ur, Co, Co, Co, Uu^Tf, Xu, Xu, Md^Xm, Md^Xm, Hhd^Fdw, Hhd^Fdw, Gll^Ve, Gll^Fdw, Gd, Gd, Eryssa_start_pos Kvr, Cvr, Gll^Fdw, Gd, Gd, Gll^Fdw, Gll^Fdw, Gll^Xo, Xv, Xv, Xv, Xv, Xv, Xv, Xv, Xv, Xv, Xv, Xv, Xv, Xv, Xv, Xv, Xv, Xv, Xv, Xv, Xv, Xv, Xv, Xv, Xv, Xv, Xv, Xv, Xv, Xv, Xv, Xv, Xv, Xv, Xv, Xv, Xv, Xv, Xv, Xv, Xv, Xv, Xv, Xv
Xu, Xu, Uu^Tf, Uh^Vud, Uu, Ur, Uu^Tf, Xu, Xu, Xu, Md^Xm, Md, Md, Md, Md, Md, Md^Xm, Md^Xm, Xu, Xu, Xu, Uu^Vu, Uu^Tf, Uu, Uh, Uu, Uu^Vu, Ur, Uu^Vu, Uu, Uh, Xu, Xu, Xu, Md^Xm, Md, Hhd^Fdw, Gll^Fdw, Hhd^Fdw, Gll, Gd, Cvr, Cvr, Gll^Fdw, Hhd^Fdw, Hhd^Ve, Gll^Fdw, Gll, Gll^Xo, Xv, Xv, Xv, Xv, Xv, Xv, Xv, Xv, Xv, Xv, Xv, Xv, Xv, Xv, Xv, Xv, Xv, Xv, Xv, Xv, Xv, Xv, Xv, Xv, Xv, Xv, Xv, Xv, Xv, Xv, Xv, Xv, Xv, Xv, Xv, Xv, Xv, Xv, Xv, Xv, Xv, Xv, Xv
Xu, Xu, Uh, 3 Ur, Uh, Uh, Xu, Xu, Xu, Xu, Xu, Md^Xm, Md, Md, Md, Md, Md^Xm, Md^Xm, Xu, Xu, Uh, Uu^Tf, Ur, 1 Ur, Uh, Uu^Tf, Uu, Uu, Uu, Ur, Ur, Uh^Vu, Xu, Xu, Xu, Md^Xm, Gll^Fdw, Gll^Fdw, Hhd^Fdw, Hhd^Fdw, Gll^Fdw, Gll^Fdw, Hhd^Fdw, Gll^Fdw, Gll^Fdw, Hhd^Fdw, Gll^Fdw, Gll^Xo, Xv, Xv, Xv, Xv, Xv, Xv, Xv, Xv, Xv, Xv, Xv, Xv, Xv, Xv, Xv, Xv, Xv, Xv, Xv, Xv, Xv, Xv, Xv, Xv, Xv, Xv, Xv, Xv, Xv, Xv, Xv, Xv, Xv, Xv, Xv, Xv, Xv, Xv, Xv, Xv, Xv, Xv, Xv, Xv
Xu, Uh, Uh, Ur, Md, Xu, Xu, Xu, Xu, Xu, Xu, Md^Xm, Md, Md, Md^Xm, Md^Xm, Md, Xu, Xu, Xu, Uu, Uu, Uu, Uu, Uu, Uh^Tf, Uh, Uh, Uh, Uu, Ur, Uu, Xu, Xu, Xu, Md^Xm, Hhd, Gll^Fdw, Gd, Gll^Fdw, Gd, Hhd, Hhd^Fdw, Gll^Fdw, Gll^Fdw, Gll^Fdw, Gll^Fdw, Gll^Xo, Xv, Xv, Xv, Xv, Xv, Xv, Xv, Xv, Xv, Xv, Xv, Xv, Xv, Xv, Xv, Xv, Xv, Xv, Xv, Xv, Xv, Xv, Xv, Xv, Xv, Xv, Xv, Xv, Xv, Xv, Xv, Xv, Xv, Xv, Xv, Xv, Xv, Xv, Xv, Xv, Xv, Xv, Xv, Xv
