Xos, Uu, Uu, Uu, Xos, Xos, Xos, Xos, Xos, Xos, Xos, Xos, Xos, Xos, Xos, Xos, Xos, Xos, Xos, Xos, Xos, Xos, Uu, Ur, Uu, Xos
Xos, Uu, Ur, Uu, Xos, Xos, Xos, Xos, Xos, Xos, Xos, Xos, Xos, Xos, Xos, Xos, Xos, Xos, Xos, Xos, Xos, Xos, Cud, Ur, Cud, Xos
Xos, Uu, Ur^Pr/, Uu^Pr/, Uu, Xos^Efs, Xos, Xos, Xos, Xos, Xos, Xos, Xos, Xos, Xos, Xos, Xos, Xos, Xos, Xos, Xos, Xos, Uu, Cud, Uu, Xos
Xos, Uu^Pr/, Ur, Uu, Uu, Cud, Cud, Xos^Efs, Xos, Xos, Xos, Xos, Xos, Xos, Xu, Xos, Xos, Xos, Xos, Xos, Xos, Xos, Uu, Ur, Uu, Xos
Xos, Uu, Uu, Ur, Ur, Uu, Uu, Cud, Xos, Xos, Xos, Xos, Ql, Xu, Ql, Xu, Xu, Xu, Xos, Xos, Xos, Xos, Uu, Ur, Uu, Xos
Xos, Cud, Cud, Uu, Uu, Ur, Ur, Uu, Xos, Xos, Xos, Ql, Ql, Ql, Ql, Ql, Ql, Xos, Xos, Xos, Xos^Efs, Xos, Uu, Ur, Uu, Xos
Xos, Xos, Xos, Cud, Xos, Uu, Ur, Ur, Urb^Pw/, Xos, Xos^Efs, Ql, Cud, Ql, Cud, Ql, Cud, Xos, Xos^Efs, Xos, Uu, Cud, Cud, Ur, Uu, Xos
Xos, Xos, Xos, Xos, Xos, Xos, Xos, Urb^Pw/o, Urb, Urb, Urb, Cud^Vud, Cud^Ebn, Cud, Cud^Vud, Cud, Cud^Ebn, Cud^Vud, Urb, Urb^Pw\, Urb^Pw\o, Ur, Uu, Cud, Xos, Xos
Xos, Xos, Xos, Xos, Xos, Xos, Xos, Urb, Urb, Urb, Urb, Urb, Urb, Urb, Urb, Urb, Urb, Urb, Urb, Urb, Urb, Urb^Pw\, Xot, Xos, Xos, Xos
Xos, Xos, Xos, Xos, Xos, Xos, Xos^Efs, Urb, Urb, Cud, Cud, Urb, Urb, Urb, Urb, Urb, Cud^Vud, Urb, Cud^Ebn, Urb, Xot, Xot, Xot, Xos, Xos, Xos
Xos, Xos, Xos, Xos, Xos, Xos, Cud^Ebn, Cud^Vud, Cud, Cud, Urb, Urb, Urb, Urb, Urb, Cud, Cud, Cud, Xot, Xot, Xos, Xos, Xos, Xos, Xos, Xos
Xos, Xos, Xos, Xos, Xos, Xos, Cud, Cud, 1 Cud, Cud, Urb, Urb, Urb, Urb, Cud^Vud, Cud, 2 Kud, Cud, Xot, Xos, Xos, Xos, Xos, Xos, Xos, Xos
Xos, Xos, Xos, Xos, Xos, Xos, Cud^Ebn, Cud, Cud, Cud, Urb, Urb, Urb, Urb, Urb, Cud, Cud, Cud, Xot^Efs, Xos, Xos, Xos, Xos, Xos, Xos, Xos
Xos, Xos, Xos, Xos, Xos, Xos, Xos, Cud^Vud, Urb, Cud, Cud, Urb, Urb, Urb, Urb, Cud, Cud^Vud, Cud, Cud^Ebn, Xot, Xot^Efs, Xos, Xos, Xos, Xos, Xos
Xos, Xos, Xos, Xos, Xos, Xos, Xos, Urb, Urb, Cud, Urb, Urb, Urb, Urb, Urb, Urb, Urb, Urb, Urb, Urb, Urb, Xot, Xos, Xos, Xos, Xos
Xos, Xos, Xos, Xos, Xos, Xos, Xos, Urb, Urb, Urb, Urb, Urb, Cud^Ebn, Urb, Cud^Vud, Urb, Cud^Ebn, Urb, Urb, Urb, Urb^Pw/o, Urb^Pw/, Uu, Xos^Efs, Xos, Xos
Xos, Xos, Xos, Xos, Xos, Xos^Efs, Irs, Urb^Pw\o, Urb^Pw\, Urb, Xos, Cud^Vud, Cud, Cud, Cud, Cud, Cud, Cud^Vud, Xos, Urb^Pw/, Uu, Ur, Cud, Cud, Uu, Xos
Xos, Xos, Xos^Efs, Xos, Cud, Cud, Irs, Irs, Irs, Xos, Xos, Ql, Ql, Ql, Ql, Ql, Ql, Ql, Xos, Xos, Xos, Cud, Uu, Ur, Uu, Xos
Xos, Xos, Cud, Cud, Irs, Irs, Irs, Irs, Irs, Xos, Xu, Ql, Ql, Ql, Ql, Ql, Ql, Xos, Xos, Xos, Xos, Xos, Uu, Ur, Uu, Xos
Xos, Xos, Irs, Irs, Irs, Irs, Irs, Irs, Cud, Xos, Xos, Xu, Xu, Xu, Xu, Xu, Xos, Xos, Xos, Xos, Xos, Xos, Uu, Ur, Uu, Xos
Irs, Irs, Rr, Irs, Irs, Irs, Cud, Cud, Xos, Xos, Xos, Xos, Xos, Xos, Xos, Xos, Xos, Xos, Xos, Xos, Xos, Xos, Uu, Ur, Uu, Xos
